Archive member included to satisfy reference by file (symbol)

d:/programs_setup_files/stm32cubeide_1.4.0/stm32cubeide/plugins/com.st.stm32cube.ide.mcu.externaltools.gnu-tools-for-stm32.7-2018-q2-update.win32_1.4.0.202007081208/tools/bin/../lib/gcc/arm-none-eabi/7.3.1/../../../../arm-none-eabi/lib/thumb/v7-m\libc_nano.a(lib_a-errno.o)
                              Core/Src/syscalls.o (__errno)
d:/programs_setup_files/stm32cubeide_1.4.0/stm32cubeide/plugins/com.st.stm32cube.ide.mcu.externaltools.gnu-tools-for-stm32.7-2018-q2-update.win32_1.4.0.202007081208/tools/bin/../lib/gcc/arm-none-eabi/7.3.1/../../../../arm-none-eabi/lib/thumb/v7-m\libc_nano.a(lib_a-exit.o)
                              d:/programs_setup_files/stm32cubeide_1.4.0/stm32cubeide/plugins/com.st.stm32cube.ide.mcu.externaltools.gnu-tools-for-stm32.7-2018-q2-update.win32_1.4.0.202007081208/tools/bin/../lib/gcc/arm-none-eabi/7.3.1/../../../../arm-none-eabi/lib/thumb/v7-m/crt0.o (exit)
d:/programs_setup_files/stm32cubeide_1.4.0/stm32cubeide/plugins/com.st.stm32cube.ide.mcu.externaltools.gnu-tools-for-stm32.7-2018-q2-update.win32_1.4.0.202007081208/tools/bin/../lib/gcc/arm-none-eabi/7.3.1/../../../../arm-none-eabi/lib/thumb/v7-m\libc_nano.a(lib_a-impure.o)
                              d:/programs_setup_files/stm32cubeide_1.4.0/stm32cubeide/plugins/com.st.stm32cube.ide.mcu.externaltools.gnu-tools-for-stm32.7-2018-q2-update.win32_1.4.0.202007081208/tools/bin/../lib/gcc/arm-none-eabi/7.3.1/../../../../arm-none-eabi/lib/thumb/v7-m\libc_nano.a(lib_a-exit.o) (_global_impure_ptr)
d:/programs_setup_files/stm32cubeide_1.4.0/stm32cubeide/plugins/com.st.stm32cube.ide.mcu.externaltools.gnu-tools-for-stm32.7-2018-q2-update.win32_1.4.0.202007081208/tools/bin/../lib/gcc/arm-none-eabi/7.3.1/../../../../arm-none-eabi/lib/thumb/v7-m\libc_nano.a(lib_a-init.o)
                              d:/programs_setup_files/stm32cubeide_1.4.0/stm32cubeide/plugins/com.st.stm32cube.ide.mcu.externaltools.gnu-tools-for-stm32.7-2018-q2-update.win32_1.4.0.202007081208/tools/bin/../lib/gcc/arm-none-eabi/7.3.1/../../../../arm-none-eabi/lib/thumb/v7-m/crt0.o (__libc_init_array)
d:/programs_setup_files/stm32cubeide_1.4.0/stm32cubeide/plugins/com.st.stm32cube.ide.mcu.externaltools.gnu-tools-for-stm32.7-2018-q2-update.win32_1.4.0.202007081208/tools/bin/../lib/gcc/arm-none-eabi/7.3.1/../../../../arm-none-eabi/lib/thumb/v7-m\libc_nano.a(lib_a-memset.o)
                              d:/programs_setup_files/stm32cubeide_1.4.0/stm32cubeide/plugins/com.st.stm32cube.ide.mcu.externaltools.gnu-tools-for-stm32.7-2018-q2-update.win32_1.4.0.202007081208/tools/bin/../lib/gcc/arm-none-eabi/7.3.1/../../../../arm-none-eabi/lib/thumb/v7-m/crt0.o (memset)
d:/programs_setup_files/stm32cubeide_1.4.0/stm32cubeide/plugins/com.st.stm32cube.ide.mcu.externaltools.gnu-tools-for-stm32.7-2018-q2-update.win32_1.4.0.202007081208/tools/bin/../lib/gcc/arm-none-eabi/7.3.1/../../../../arm-none-eabi/lib/thumb/v7-m\libc_nano.a(lib_a-puts.o)
                              Core/Src/main.o (puts)
d:/programs_setup_files/stm32cubeide_1.4.0/stm32cubeide/plugins/com.st.stm32cube.ide.mcu.externaltools.gnu-tools-for-stm32.7-2018-q2-update.win32_1.4.0.202007081208/tools/bin/../lib/gcc/arm-none-eabi/7.3.1/../../../../arm-none-eabi/lib/thumb/v7-m\libc_nano.a(lib_a-wbuf.o)
                              d:/programs_setup_files/stm32cubeide_1.4.0/stm32cubeide/plugins/com.st.stm32cube.ide.mcu.externaltools.gnu-tools-for-stm32.7-2018-q2-update.win32_1.4.0.202007081208/tools/bin/../lib/gcc/arm-none-eabi/7.3.1/../../../../arm-none-eabi/lib/thumb/v7-m\libc_nano.a(lib_a-puts.o) (__swbuf_r)
d:/programs_setup_files/stm32cubeide_1.4.0/stm32cubeide/plugins/com.st.stm32cube.ide.mcu.externaltools.gnu-tools-for-stm32.7-2018-q2-update.win32_1.4.0.202007081208/tools/bin/../lib/gcc/arm-none-eabi/7.3.1/../../../../arm-none-eabi/lib/thumb/v7-m\libc_nano.a(lib_a-wsetup.o)
                              d:/programs_setup_files/stm32cubeide_1.4.0/stm32cubeide/plugins/com.st.stm32cube.ide.mcu.externaltools.gnu-tools-for-stm32.7-2018-q2-update.win32_1.4.0.202007081208/tools/bin/../lib/gcc/arm-none-eabi/7.3.1/../../../../arm-none-eabi/lib/thumb/v7-m\libc_nano.a(lib_a-puts.o) (__swsetup_r)
d:/programs_setup_files/stm32cubeide_1.4.0/stm32cubeide/plugins/com.st.stm32cube.ide.mcu.externaltools.gnu-tools-for-stm32.7-2018-q2-update.win32_1.4.0.202007081208/tools/bin/../lib/gcc/arm-none-eabi/7.3.1/../../../../arm-none-eabi/lib/thumb/v7-m\libc_nano.a(lib_a-fflush.o)
                              d:/programs_setup_files/stm32cubeide_1.4.0/stm32cubeide/plugins/com.st.stm32cube.ide.mcu.externaltools.gnu-tools-for-stm32.7-2018-q2-update.win32_1.4.0.202007081208/tools/bin/../lib/gcc/arm-none-eabi/7.3.1/../../../../arm-none-eabi/lib/thumb/v7-m\libc_nano.a(lib_a-wbuf.o) (_fflush_r)
[...]
Memory Configuration

Name             Origin             Length             Attributes
RAM              0x0000000020000000 0x0000000000005000 xrw
FLASH            0x0000000008000000 0x0000000000002800 xr
*default*        0x0000000000000000 0xffffffffffffffff

Linker script and memory map

LOAD d:/programs_setup_files/stm32cubeide_1.4.0/stm32cubeide/plugins/com.st.stm32cube.ide.mcu.externaltools.gnu-tools-for-stm32.7-2018-q2-update.win32_1.4.0.202007081208/tools/bin/../lib/gcc/arm-none-eabi/7.3.1/thumb/v7-m/crti.o
LOAD d:/programs_setup_files/stm32cubeide_1.4.0/stm32cubeide/plugins/com.st.stm32cube.ide.mcu.externaltools.gnu-tools-for-stm32.7-2018-q2-update.win32_1.4.0.202007081208/tools/bin/../lib/gcc/arm-none-eabi/7.3.1/thumb/v7-m/crtbegin.o
LOAD d:/programs_setup_files/stm32cubeide_1.4.0/stm32cubeide/plugins/com.st.stm32cube.ide.mcu.externaltools.gnu-tools-for-stm32.7-2018-q2-update.win32_1.4.0.202007081208/tools/bin/../lib/gcc/arm-none-eabi/7.3.1/../../../../arm-none-eabi/lib/thumb/v7-m/crt0.o
LOAD Core/Src/main.o
LOAD Core/Src/stm32f1xx_hal_msp.o
LOAD Core/Src/stm32f1xx_it.o
LOAD Core/Src/syscalls.o
LOAD Core/Src/sysmem.o
LOAD Core/Src/system_stm32f1xx.o
LOAD Core/Startup/startup_stm32f103c8tx.o
LOAD Drivers/STM32F1xx_HAL_Driver/Src/stm32f1xx_hal.o
LOAD Drivers/STM32F1xx_HAL_Driver/Src/stm32f1xx_hal_cortex.o
LOAD Drivers/STM32F1xx_HAL_Driver/Src/stm32f1xx_hal_dma.o
LOAD Drivers/STM32F1xx_HAL_Driver/Src/stm32f1xx_hal_exti.o
LOAD Drivers/STM32F1xx_HAL_Driver/Src/stm32f1xx_hal_flash.o
LOAD Drivers/STM32F1xx_HAL_Driver/Src/stm32f1xx_hal_flash_ex.o
LOAD Drivers/STM32F1xx_HAL_Driver/Src/stm32f1xx_hal_gpio.o
LOAD Drivers/STM32F1xx_HAL_Driver/Src/stm32f1xx_hal_gpio_ex.o
LOAD Drivers/STM32F1xx_HAL_Driver/Src/stm32f1xx_hal_pwr.o
LOAD Drivers/STM32F1xx_HAL_Driver/Src/stm32f1xx_hal_rcc.o
LOAD Drivers/STM32F1xx_HAL_Driver/Src/stm32f1xx_hal_rcc_ex.o
LOAD Drivers/STM32F1xx_HAL_Driver/Src/stm32f1xx_hal_tim.o
LOAD Drivers/STM32F1xx_HAL_Driver/Src/stm32f1xx_hal_tim_ex.o
LOAD Drivers/STM32F1xx_HAL_Driver/Src/stm32f1xx_hal_uart.o
LOAD FATFS/App/fatfs.o
LOAD FATFS/Target/user_diskio.o
LOAD Middlewares/Third_Party/FatFs/src/diskio.o
LOAD Middlewares/Third_Party/FatFs/src/ff.o
LOAD Middlewares/Third_Party/FatFs/src/ff_gen_drv.o
LOAD Middlewares/Third_Party/FatFs/src/option/syscall.o
START GROUP
LOAD d:/programs_setup_files/stm32cubeide_1.4.0/stm32cubeide/plugins/com.st.stm32cube.ide.mcu.externaltools.gnu-tools-for-stm32.7-2018-q2-update.win32_1.4.0.202007081208/tools/bin/../lib/gcc/arm-none-eabi/7.3.1/../../../../arm-none-eabi/lib/thumb/v7-m\libc_nano.a
LOAD d:/programs_setup_files/stm32cubeide_1.4.0/stm32cubeide/plugins/com.st.stm32cube.ide.mcu.externaltools.gnu-tools-for-stm32.7-2018-q2-update.win32_1.4.0.202007081208/tools/bin/../lib/gcc/arm-none-eabi/7.3.1/../../../../arm-none-eabi/lib/thumb/v7-m\libm.a
END GROUP
START GROUP
LOAD d:/programs_setup_files/stm32cubeide_1.4.0/stm32cubeide/plugins/com.st.stm32cube.ide.mcu.externaltools.gnu-tools-for-stm32.7-2018-q2-update.win32_1.4.0.202007081208/tools/bin/../lib/gcc/arm-none-eabi/7.3.1/thumb/v7-m\libgcc.a
LOAD d:/programs_setup_files/stm32cubeide_1.4.0/stm32cubeide/plugins/com.st.stm32cube.ide.mcu.externaltools.gnu-tools-for-stm32.7-2018-q2-update.win32_1.4.0.202007081208/tools/bin/../lib/gcc/arm-none-eabi/7.3.1/../../../../arm-none-eabi/lib/thumb/v7-m\libc_nano.a
END GROUP
START GROUP
LOAD d:/programs_setup_files/stm32cubeide_1.4.0/stm32cubeide/plugins/com.st.stm32cube.ide.mcu.externaltools.gnu-tools-for-stm32.7-2018-q2-update.win32_1.4.0.202007081208/tools/bin/../lib/gcc/arm-none-eabi/7.3.1/thumb/v7-m\libgcc.a
LOAD d:/programs_setup_files/stm32cubeide_1.4.0/stm32cubeide/plugins/com.st.stm32cube.ide.mcu.externaltools.gnu-tools-for-stm32.7-2018-q2-update.win32_1.4.0.202007081208/tools/bin/../lib/gcc/arm-none-eabi/7.3.1/../../../../arm-none-eabi/lib/thumb/v7-m\libc_nano.a
LOAD d:/programs_setup_files/stm32cubeide_1.4.0/stm32cubeide/plugins/com.st.stm32cube.ide.mcu.externaltools.gnu-tools-for-stm32.7-2018-q2-update.win32_1.4.0.202007081208/tools/bin/../lib/gcc/arm-none-eabi/7.3.1/../../../../arm-none-eabi/lib/thumb/v7-m\libnosys.a
END GROUP
START GROUP
LOAD d:/programs_setup_files/stm32cubeide_1.4.0/stm32cubeide/plugins/com.st.stm32cube.ide.mcu.externaltools.gnu-tools-for-stm32.7-2018-q2-update.win32_1.4.0.202007081208/tools/bin/../lib/gcc/arm-none-eabi/7.3.1/thumb/v7-m\libgcc.a
LOAD d:/programs_setup_files/stm32cubeide_1.4.0/stm32cubeide/plugins/com.st.stm32cube.ide.mcu.externaltools.gnu-tools-for-stm32.7-2018-q2-update.win32_1.4.0.202007081208/tools/bin/../lib/gcc/arm-none-eabi/7.3.1/../../../../arm-none-eabi/lib/thumb/v7-m\libc_nano.a
LOAD d:/programs_setup_files/stm32cubeide_1.4.0/stm32cubeide/plugins/com.st.stm32cube.ide.mcu.externaltools.gnu-tools-for-stm32.7-2018-q2-update.win32_1.4.0.202007081208/tools/bin/../lib/gcc/arm-none-eabi/7.3.1/../../../../arm-none-eabi/lib/thumb/v7-m\libnosys.a
END GROUP
LOAD d:/programs_setup_files/stm32cubeide_1.4.0/stm32cubeide/plugins/com.st.stm32cube.ide.mcu.externaltools.gnu-tools-for-stm32.7-2018-q2-update.win32_1.4.0.202007081208/tools/bin/../lib/gcc/arm-none-eabi/7.3.1/thumb/v7-m/crtend.o
LOAD d:/programs_setup_files/stm32cubeide_1.4.0/stm32cubeide/plugins/com.st.stm32cube.ide.mcu.externaltools.gnu-tools-for-stm32.7-2018-q2-update.win32_1.4.0.202007081208/tools/bin/../lib/gcc/arm-none-eabi/7.3.1/thumb/v7-m/crtn.o
                0x0000000020005000                _estack = (ORIGIN (RAM) + LENGTH (RAM))
                0x0000000000000200                _Min_Heap_Size = 0x200
                0x0000000000000400                _Min_Stack_Size = 0x400

.isr_vector     0x0000000008000000      0x10c
                0x0000000008000000                . = ALIGN (0x4)
 *(.isr_vector)
 .isr_vector    0x0000000008000000      0x10c Core/Startup/startup_stm32f103c8tx.o
                0x0000000008000000                g_pfnVectors
                0x000000000800010c                . = ALIGN (0x4)

.text           0x000000000800010c     0x21a0
                0x000000000800010c                . = ALIGN (0x4)
 *(.text)
 .text          0x000000000800010c       0x40 d:/programs_setup_files/stm32cubeide_1.4.0/stm32cubeide/plugins/com.st.stm32cube.ide.mcu.externaltools.gnu-tools-for-stm32.7-2018-q2-update.win32_1.4.0.202007081208/tools/bin/../lib/gcc/arm-none-eabi/7.3.1/thumb/v7-m/crtbegin.o
 *(.text*)
 .text._write   0x000000000800014c       0x40 Core/Src/main.o
                0x000000000800014c                _write
 .text.BLINK    0x000000000800018c       0x24 Core/Src/main.o
 .text.BL_SWITCH_TO_APP
                0x00000000080001b0       0x58 Core/Src/main.o
 .text.main     0x0000000008000208       0x50 Core/Src/main.o
                0x0000000008000208                main
 .text.SystemClock_Config
                0x0000000008000258       0x76 Core/Src/main.o
                0x0000000008000258                SystemClock_Config
 *fill*         0x00000000080002ce        0x2 
 .text.MX_USART2_UART_Init
                0x00000000080002d0       0x54 Core/Src/main.o
 .text.MX_GPIO_Init
                0x0000000008000324       0x80 Core/Src/main.o
 .text.Error_Handler
                0x00000000080003a4        0xc Core/Src/main.o
                0x00000000080003a4                Error_Handler
 .text.HAL_MspInit
                0x00000000080003b0       0x64 Core/Src/stm32f1xx_hal_msp.o
                0x00000000080003b0                HAL_MspInit
 .text.HAL_UART_MspInit
                0x0000000008000414       0x94 Core/Src/stm32f1xx_hal_msp.o
                0x0000000008000414                HAL_UART_MspInit
 .text.NMI_Handler
                0x00000000080004a8        0xc Core/Src/stm32f1xx_it.o
                0x00000000080004a8                NMI_Handler
 .text.HardFault_Handler
                0x00000000080004b4        0x6 Core/Src/stm32f1xx_it.o
                0x00000000080004b4                HardFault_Handler
 .text.MemManage_Handler
                0x00000000080004ba        0x6 Core/Src/stm32f1xx_it.o
                0x00000000080004ba                MemManage_Handler
 .text.BusFault_Handler
                0x00000000080004c0        0x6 Core/Src/stm32f1xx_it.o
                0x00000000080004c0                BusFault_Handler
 .text.UsageFault_Handler
                0x00000000080004c6        0x6 Core/Src/stm32f1xx_it.o
                0x00000000080004c6                UsageFault_Handler
 .text.SVC_Handler
                0x00000000080004cc        0xc Core/Src/stm32f1xx_it.o
                0x00000000080004cc                SVC_Handler
 .text.DebugMon_Handler
                0x00000000080004d8        0xc Core/Src/stm32f1xx_it.o
                0x00000000080004d8                DebugMon_Handler
 .text.PendSV_Handler
                0x00000000080004e4        0xc Core/Src/stm32f1xx_it.o
                0x00000000080004e4                PendSV_Handler
 .text.SysTick_Handler
                0x00000000080004f0        0xc Core/Src/stm32f1xx_it.o
                0x00000000080004f0                SysTick_Handler
 .text._read    0x00000000080004fc       0x3a Core/Src/syscalls.o
                0x00000000080004fc                _read
 .text._close   0x0000000008000536       0x16 Core/Src/syscalls.o
                0x0000000008000536                _close
 .text._fstat   0x000000000800054c       0x1e Core/Src/syscalls.o
                0x000000000800054c                _fstat
 .text._isatty  0x000000000800056a       0x14 Core/Src/syscalls.o
                0x000000000800056a                _isatty
 .text._lseek   0x000000000800057e       0x18 Core/Src/syscalls.o
                0x000000000800057e                _lseek
 *fill*         0x0000000008000596        0x2 
 .text._sbrk    0x0000000008000598       0x6c Core/Src/sysmem.o
                0x0000000008000598                _sbrk
 .text.SystemInit
                0x0000000008000604        0xc Core/Src/system_stm32f1xx.o
                0x0000000008000604                SystemInit
 .text.Reset_Handler
                0x0000000008000610       0x48 Core/Startup/startup_stm32f103c8tx.o
                0x0000000008000610                Reset_Handler
 .text.Default_Handler
                0x0000000008000658        0x2 Core/Startup/startup_stm32f103c8tx.o
                0x0000000008000658                RTC_Alarm_IRQHandler
                0x0000000008000658                EXTI2_IRQHandler
                0x0000000008000658                TIM1_CC_IRQHandler
                0x0000000008000658                PVD_IRQHandler
                0x0000000008000658                EXTI3_IRQHandler
                0x0000000008000658                EXTI0_IRQHandler
                0x0000000008000658                I2C2_EV_IRQHandler
                0x0000000008000658                ADC1_2_IRQHandler
                0x0000000008000658                SPI1_IRQHandler
                0x0000000008000658                TAMPER_IRQHandler
                0x0000000008000658                DMA1_Channel4_IRQHandler
                0x0000000008000658                USART3_IRQHandler
                0x0000000008000658                RTC_IRQHandler
                0x0000000008000658                DMA1_Channel7_IRQHandler
                0x0000000008000658                CAN1_RX1_IRQHandler
                0x0000000008000658                TIM4_IRQHandler
                0x0000000008000658                I2C1_EV_IRQHandler
                0x0000000008000658                DMA1_Channel6_IRQHandler
                0x0000000008000658                TIM3_IRQHandler
                0x0000000008000658                RCC_IRQHandler
                0x0000000008000658                TIM1_TRG_COM_IRQHandler
                0x0000000008000658                DMA1_Channel1_IRQHandler
                0x0000000008000658                Default_Handler
                0x0000000008000658                EXTI15_10_IRQHandler
                0x0000000008000658                EXTI9_5_IRQHandler
                0x0000000008000658                SPI2_IRQHandler
                0x0000000008000658                DMA1_Channel5_IRQHandler
                0x0000000008000658                EXTI4_IRQHandler
                0x0000000008000658                USB_LP_CAN1_RX0_IRQHandler
                0x0000000008000658                USB_HP_CAN1_TX_IRQHandler
                0x0000000008000658                DMA1_Channel3_IRQHandler
                0x0000000008000658                TIM1_UP_IRQHandler
                0x0000000008000658                WWDG_IRQHandler
                0x0000000008000658                TIM2_IRQHandler
                0x0000000008000658                TIM1_BRK_IRQHandler
                0x0000000008000658                EXTI1_IRQHandler
                0x0000000008000658                USART2_IRQHandler
                0x0000000008000658                I2C2_ER_IRQHandler
                0x0000000008000658                DMA1_Channel2_IRQHandler
                0x0000000008000658                CAN1_SCE_IRQHandler
                0x0000000008000658                FLASH_IRQHandler
                0x0000000008000658                USART1_IRQHandler
                0x0000000008000658                I2C1_ER_IRQHandler
                0x0000000008000658                USBWakeUp_IRQHandler
 *fill*         0x000000000800065a        0x2 
 .text.HAL_Init
                0x000000000800065c       0x2c Drivers/STM32F1xx_HAL_Driver/Src/stm32f1xx_hal.o
                0x000000000800065c                HAL_Init
 .text.HAL_InitTick
                0x0000000008000688       0x60 Drivers/STM32F1xx_HAL_Driver/Src/stm32f1xx_hal.o
                0x0000000008000688                HAL_InitTick
 .text.HAL_IncTick
                0x00000000080006e8       0x24 Drivers/STM32F1xx_HAL_Driver/Src/stm32f1xx_hal.o
                0x00000000080006e8                HAL_IncTick
 .text.HAL_GetTick
                0x000000000800070c       0x14 Drivers/STM32F1xx_HAL_Driver/Src/stm32f1xx_hal.o
                0x000000000800070c                HAL_GetTick
 .text.HAL_Delay
                0x0000000008000720       0x44 Drivers/STM32F1xx_HAL_Driver/Src/stm32f1xx_hal.o
                0x0000000008000720                HAL_Delay
 .text.__NVIC_SetPriorityGrouping
                0x0000000008000764       0x48 Drivers/STM32F1xx_HAL_Driver/Src/stm32f1xx_hal_cortex.o
 .text.__NVIC_GetPriorityGrouping
                0x00000000080007ac       0x1c Drivers/STM32F1xx_HAL_Driver/Src/stm32f1xx_hal_cortex.o
 .text.__NVIC_SetPriority
                0x00000000080007c8       0x54 Drivers/STM32F1xx_HAL_Driver/Src/stm32f1xx_hal_cortex.o
 .text.NVIC_EncodePriority
                0x000000000800081c       0x64 Drivers/STM32F1xx_HAL_Driver/Src/stm32f1xx_hal_cortex.o
 .text.SysTick_Config
                0x0000000008000880       0x44 Drivers/STM32F1xx_HAL_Driver/Src/stm32f1xx_hal_cortex.o
 .text.HAL_NVIC_SetPriorityGrouping
                0x00000000080008c4       0x16 Drivers/STM32F1xx_HAL_Driver/Src/stm32f1xx_hal_cortex.o
                0x00000000080008c4                HAL_NVIC_SetPriorityGrouping
 .text.HAL_NVIC_SetPriority
                0x00000000080008da       0x38 Drivers/STM32F1xx_HAL_Driver/Src/stm32f1xx_hal_cortex.o
                0x00000000080008da                HAL_NVIC_SetPriority
 .text.HAL_SYSTICK_Config
                0x0000000008000912       0x18 Drivers/STM32F1xx_HAL_Driver/Src/stm32f1xx_hal_cortex.o
                0x0000000008000912                HAL_SYSTICK_Config
 *fill*         0x000000000800092a        0x2 
 .text.HAL_GPIO_Init
                0x000000000800092c      0x2b4 Drivers/STM32F1xx_HAL_Driver/Src/stm32f1xx_hal_gpio.o
                0x000000000800092c                HAL_GPIO_Init
 .text.HAL_GPIO_WritePin
                0x0000000008000be0       0x30 Drivers/STM32F1xx_HAL_Driver/Src/stm32f1xx_hal_gpio.o
                0x0000000008000be0                HAL_GPIO_WritePin
 .text.HAL_GPIO_TogglePin
                0x0000000008000c10       0x32 Drivers/STM32F1xx_HAL_Driver/Src/stm32f1xx_hal_gpio.o
                0x0000000008000c10                HAL_GPIO_TogglePin
 *fill*         0x0000000008000c42        0x2 
 .text.HAL_RCC_OscConfig
                0x0000000008000c44      0x500 Drivers/STM32F1xx_HAL_Driver/Src/stm32f1xx_hal_rcc.o
                0x0000000008000c44                HAL_RCC_OscConfig
 .text.HAL_RCC_ClockConfig
                0x0000000008001144      0x1d4 Drivers/STM32F1xx_HAL_Driver/Src/stm32f1xx_hal_rcc.o
                0x0000000008001144                HAL_RCC_ClockConfig
 .text.HAL_RCC_GetSysClockFreq
                0x0000000008001318       0xc4 Drivers/STM32F1xx_HAL_Driver/Src/stm32f1xx_hal_rcc.o
                0x0000000008001318                HAL_RCC_GetSysClockFreq
 .text.HAL_RCC_GetHCLKFreq
                0x00000000080013dc       0x14 Drivers/STM32F1xx_HAL_Driver/Src/stm32f1xx_hal_rcc.o
                0x00000000080013dc                HAL_RCC_GetHCLKFreq
 .text.HAL_RCC_GetPCLK1Freq
                0x00000000080013f0       0x28 Drivers/STM32F1xx_HAL_Driver/Src/stm32f1xx_hal_rcc.o
                0x00000000080013f0                HAL_RCC_GetPCLK1Freq
 .text.HAL_RCC_GetPCLK2Freq
                0x0000000008001418       0x28 Drivers/STM32F1xx_HAL_Driver/Src/stm32f1xx_hal_rcc.o
                0x0000000008001418                HAL_RCC_GetPCLK2Freq
 .text.RCC_Delay
                0x0000000008001440       0x3c Drivers/STM32F1xx_HAL_Driver/Src/stm32f1xx_hal_rcc.o
 .text.HAL_UART_Init
                0x000000000800147c       0x9a Drivers/STM32F1xx_HAL_Driver/Src/stm32f1xx_hal_uart.o
                0x000000000800147c                HAL_UART_Init
 .text.HAL_UART_Transmit
                0x0000000008001516      0x124 Drivers/STM32F1xx_HAL_Driver/Src/stm32f1xx_hal_uart.o
                0x0000000008001516                HAL_UART_Transmit
 .text.UART_WaitOnFlagUntilTimeout
                0x000000000800163a       0x94 Drivers/STM32F1xx_HAL_Driver/Src/stm32f1xx_hal_uart.o
 *fill*         0x00000000080016ce        0x2 
 .text.UART_SetConfig
                0x00000000080016d0      0x11c Drivers/STM32F1xx_HAL_Driver/Src/stm32f1xx_hal_uart.o
 .text.MX_FATFS_Init
                0x00000000080017ec       0x24 FATFS/App/fatfs.o
                0x00000000080017ec                MX_FATFS_Init
 .text.USER_initialize
                0x0000000008001810       0x24 FATFS/Target/user_diskio.o
                0x0000000008001810                USER_initialize
 .text.USER_status
                0x0000000008001834       0x24 FATFS/Target/user_diskio.o
                0x0000000008001834                USER_status
 .text.USER_read
                0x0000000008001858       0x1c FATFS/Target/user_diskio.o
                0x0000000008001858                USER_read
 .text.USER_write
                0x0000000008001874       0x1c FATFS/Target/user_diskio.o
                0x0000000008001874                USER_write
 .text.USER_ioctl
                0x0000000008001890       0x20 FATFS/Target/user_diskio.o
                0x0000000008001890                USER_ioctl
 .text.FATFS_LinkDriverEx
                0x00000000080018b0       0x94 Middlewares/Third_Party/FatFs/src/ff_gen_drv.o
                0x00000000080018b0                FATFS_LinkDriverEx
 .text.FATFS_LinkDriver
                0x0000000008001944       0x1e Middlewares/Third_Party/FatFs/src/ff_gen_drv.o
                0x0000000008001944                FATFS_LinkDriver
 *fill*         0x0000000008001962        0x2 
 .text.__errno  0x0000000008001964        0xc d:/programs_setup_files/stm32cubeide_1.4.0/stm32cubeide/plugins/com.st.stm32cube.ide.mcu.externaltools.gnu-tools-for-stm32.7-2018-q2-update.win32_1.4.0.202007081208/tools/bin/../lib/gcc/arm-none-eabi/7.3.1/../../../../arm-none-eabi/lib/thumb/v7-m\libc_nano.a(lib_a-errno.o)
                0x0000000008001964                __errno
 .text.__libc_init_array
                0x0000000008001970       0x48 d:/programs_setup_files/stm32cubeide_1.4.0/stm32cubeide/plugins/com.st.stm32cube.ide.mcu.externaltools.gnu-tools-for-stm32.7-2018-q2-update.win32_1.4.0.202007081208/tools/bin/../lib/gcc/arm-none-eabi/7.3.1/../../../../arm-none-eabi/lib/thumb/v7-m\libc_nano.a(lib_a-init.o)
                0x0000000008001970                __libc_init_array
 .text.memset   0x00000000080019b8       0x10 d:/programs_setup_files/stm32cubeide_1.4.0/stm32cubeide/plugins/com.st.stm32cube.ide.mcu.externaltools.gnu-tools-for-stm32.7-2018-q2-update.win32_1.4.0.202007081208/tools/bin/../lib/gcc/arm-none-eabi/7.3.1/../../../../arm-none-eabi/lib/thumb/v7-m\libc_nano.a(lib_a-memset.o)
                0x00000000080019b8                memset
 .text._puts_r  0x00000000080019c8       0xb8 d:/programs_setup_files/stm32cubeide_1.4.0/stm32cubeide/plugins/com.st.stm32cube.ide.mcu.externaltools.gnu-tools-for-stm32.7-2018-q2-update.win32_1.4.0.202007081208/tools/bin/../lib/gcc/arm-none-eabi/7.3.1/../../../../arm-none-eabi/lib/thumb/v7-m\libc_nano.a(lib_a-puts.o)
                0x00000000080019c8                _puts_r
 .text.puts     0x0000000008001a80       0x10 d:/programs_setup_files/stm32cubeide_1.4.0/stm32cubeide/plugins/com.st.stm32cube.ide.mcu.externaltools.gnu-tools-for-stm32.7-2018-q2-update.win32_1.4.0.202007081208/tools/bin/../lib/gcc/arm-none-eabi/7.3.1/../../../../arm-none-eabi/lib/thumb/v7-m\libc_nano.a(lib_a-puts.o)
                0x0000000008001a80                puts
 .text.__swbuf_r
                0x0000000008001a90       0xa4 d:/programs_setup_files/stm32cubeide_1.4.0/stm32cubeide/plugins/com.st.stm32cube.ide.mcu.externaltools.gnu-tools-for-stm32.7-2018-q2-update.win32_1.4.0.202007081208/tools/bin/../lib/gcc/arm-none-eabi/7.3.1/../../../../arm-none-eabi/lib/thumb/v7-m\libc_nano.a(lib_a-wbuf.o)
                0x0000000008001a90                __swbuf_r
 .text.__swsetup_r
                0x0000000008001b34       0xdc d:/programs_setup_files/stm32cubeide_1.4.0/stm32cubeide/plugins/com.st.stm32cube.ide.mcu.externaltools.gnu-tools-for-stm32.7-2018-q2-update.win32_1.4.0.202007081208/tools/bin/../lib/gcc/arm-none-eabi/7.3.1/../../../../arm-none-eabi/lib/thumb/v7-m\libc_nano.a(lib_a-wsetup.o)
                0x0000000008001b34                __swsetup_r
 .text.__sflush_r
                0x0000000008001c10      0x10c d:/programs_setup_files/stm32cubeide_1.4.0/stm32cubeide/plugins/com.st.stm32cube.ide.mcu.externaltools.gnu-tools-for-stm32.7-2018-q2-update.win32_1.4.0.202007081208/tools/bin/../lib/gcc/arm-none-eabi/7.3.1/../../../../arm-none-eabi/lib/thumb/v7-m\libc_nano.a(lib_a-fflush.o)
                0x0000000008001c10                __sflush_r
 .text._fflush_r
                0x0000000008001d1c       0x54 d:/programs_setup_files/stm32cubeide_1.4.0/stm32cubeide/plugins/com.st.stm32cube.ide.mcu.externaltools.gnu-tools-for-stm32.7-2018-q2-update.win32_1.4.0.202007081208/tools/bin/../lib/gcc/arm-none-eabi/7.3.1/../../../../arm-none-eabi/lib/thumb/v7-m\libc_nano.a(lib_a-fflush.o)
                0x0000000008001d1c                _fflush_r
 .text.std      0x0000000008001d70       0x48 d:/programs_setup_files/stm32cubeide_1.4.0/stm32cubeide/plugins/com.st.stm32cube.ide.mcu.externaltools.gnu-tools-for-stm32.7-2018-q2-update.win32_1.4.0.202007081208/tools/bin/../lib/gcc/arm-none-eabi/7.3.1/../../../../arm-none-eabi/lib/thumb/v7-m\libc_nano.a(lib_a-findfp.o)
 .text._cleanup_r
                0x0000000008001db8        0xc d:/programs_setup_files/stm32cubeide_1.4.0/stm32cubeide/plugins/com.st.stm32cube.ide.mcu.externaltools.gnu-tools-for-stm32.7-2018-q2-update.win32_1.4.0.202007081208/tools/bin/../lib/gcc/arm-none-eabi/7.3.1/../../../../arm-none-eabi/lib/thumb/v7-m\libc_nano.a(lib_a-findfp.o)
                0x0000000008001db8                _cleanup_r
 .text.__sfmoreglue
                0x0000000008001dc4       0x2c d:/programs_setup_files/stm32cubeide_1.4.0/stm32cubeide/plugins/com.st.stm32cube.ide.mcu.externaltools.gnu-tools-for-stm32.7-2018-q2-update.win32_1.4.0.202007081208/tools/bin/../lib/gcc/arm-none-eabi/7.3.1/../../../../arm-none-eabi/lib/thumb/v7-m\libc_nano.a(lib_a-findfp.o)
                0x0000000008001dc4                __sfmoreglue
 .text.__sinit  0x0000000008001df0       0x60 d:/programs_setup_files/stm32cubeide_1.4.0/stm32cubeide/plugins/com.st.stm32cube.ide.mcu.externaltools.gnu-tools-for-stm32.7-2018-q2-update.win32_1.4.0.202007081208/tools/bin/../lib/gcc/arm-none-eabi/7.3.1/../../../../arm-none-eabi/lib/thumb/v7-m\libc_nano.a(lib_a-findfp.o)
                0x0000000008001df0                __sinit
 .text.__sfp    0x0000000008001e50       0x78 d:/programs_setup_files/stm32cubeide_1.4.0/stm32cubeide/plugins/com.st.stm32cube.ide.mcu.externaltools.gnu-tools-for-stm32.7-2018-q2-update.win32_1.4.0.202007081208/tools/bin/../lib/gcc/arm-none-eabi/7.3.1/../../../../arm-none-eabi/lib/thumb/v7-m\libc_nano.a(lib_a-findfp.o)
                0x0000000008001e50                __sfp
 .text._fwalk_reent
                0x0000000008001ec8       0x3c d:/programs_setup_files/stm32cubeide_1.4.0/stm32cubeide/plugins/com.st.stm32cube.ide.mcu.externaltools.gnu-tools-for-stm32.7-2018-q2-update.win32_1.4.0.202007081208/tools/bin/../lib/gcc/arm-none-eabi/7.3.1/../../../../arm-none-eabi/lib/thumb/v7-m\libc_nano.a(lib_a-fwalk.o)
                0x0000000008001ec8                _fwalk_reent
 .text.__swhatbuf_r
                0x0000000008001f04       0x48 d:/programs_setup_files/stm32cubeide_1.4.0/stm32cubeide/plugins/com.st.stm32cube.ide.mcu.externaltools.gnu-tools-for-stm32.7-2018-q2-update.win32_1.4.0.202007081208/tools/bin/../lib/gcc/arm-none-eabi/7.3.1/../../../../arm-none-eabi/lib/thumb/v7-m\libc_nano.a(lib_a-makebuf.o)
                0x0000000008001f04                __swhatbuf_r
 .text.__smakebuf_r
                0x0000000008001f4c       0x80 d:/programs_setup_files/stm32cubeide_1.4.0/stm32cubeide/plugins/com.st.stm32cube.ide.mcu.externaltools.gnu-tools-for-stm32.7-2018-q2-update.win32_1.4.0.202007081208/tools/bin/../lib/gcc/arm-none-eabi/7.3.1/../../../../arm-none-eabi/lib/thumb/v7-m\libc_nano.a(lib_a-makebuf.o)
                0x0000000008001f4c                __smakebuf_r
 .text._free_r  0x0000000008001fcc       0x98 d:/programs_setup_files/stm32cubeide_1.4.0/stm32cubeide/plugins/com.st.stm32cube.ide.mcu.externaltools.gnu-tools-for-stm32.7-2018-q2-update.win32_1.4.0.202007081208/tools/bin/../lib/gcc/arm-none-eabi/7.3.1/../../../../arm-none-eabi/lib/thumb/v7-m\libc_nano.a(lib_a-nano-freer.o)
                0x0000000008001fcc                _free_r
 .text._malloc_r
                0x0000000008002064       0xb4 d:/programs_setup_files/stm32cubeide_1.4.0/stm32cubeide/plugins/com.st.stm32cube.ide.mcu.externaltools.gnu-tools-for-stm32.7-2018-q2-update.win32_1.4.0.202007081208/tools/bin/../lib/gcc/arm-none-eabi/7.3.1/../../../../arm-none-eabi/lib/thumb/v7-m\libc_nano.a(lib_a-nano-mallocr.o)
                0x0000000008002064                _malloc_r
 .text._sbrk_r  0x0000000008002118       0x20 d:/programs_setup_files/stm32cubeide_1.4.0/stm32cubeide/plugins/com.st.stm32cube.ide.mcu.externaltools.gnu-tools-for-stm32.7-2018-q2-update.win32_1.4.0.202007081208/tools/bin/../lib/gcc/arm-none-eabi/7.3.1/../../../../arm-none-eabi/lib/thumb/v7-m\libc_nano.a(lib_a-sbrkr.o)
                0x0000000008002118                _sbrk_r
 .text.__sread  0x0000000008002138       0x22 d:/programs_setup_files/stm32cubeide_1.4.0/stm32cubeide/plugins/com.st.stm32cube.ide.mcu.externaltools.gnu-tools-for-stm32.7-2018-q2-update.win32_1.4.0.202007081208/tools/bin/../lib/gcc/arm-none-eabi/7.3.1/../../../../arm-none-eabi/lib/thumb/v7-m\libc_nano.a(lib_a-stdio.o)
                0x0000000008002138                __sread
 .text.__swrite
                0x000000000800215a       0x38 d:/programs_setup_files/stm32cubeide_1.4.0/stm32cubeide/plugins/com.st.stm32cube.ide.mcu.externaltools.gnu-tools-for-stm32.7-2018-q2-update.win32_1.4.0.202007081208/tools/bin/../lib/gcc/arm-none-eabi/7.3.1/../../../../arm-none-eabi/lib/thumb/v7-m\libc_nano.a(lib_a-stdio.o)
                0x000000000800215a                __swrite
 .text.__sseek  0x0000000008002192       0x24 d:/programs_setup_files/stm32cubeide_1.4.0/stm32cubeide/plugins/com.st.stm32cube.ide.mcu.externaltools.gnu-tools-for-stm32.7-2018-q2-update.win32_1.4.0.202007081208/tools/bin/../lib/gcc/arm-none-eabi/7.3.1/../../../../arm-none-eabi/lib/thumb/v7-m\libc_nano.a(lib_a-stdio.o)
                0x0000000008002192                __sseek
 .text.__sclose
                0x00000000080021b6        0x8 d:/programs_setup_files/stm32cubeide_1.4.0/stm32cubeide/plugins/com.st.stm32cube.ide.mcu.externaltools.gnu-tools-for-stm32.7-2018-q2-update.win32_1.4.0.202007081208/tools/bin/../lib/gcc/arm-none-eabi/7.3.1/../../../../arm-none-eabi/lib/thumb/v7-m\libc_nano.a(lib_a-stdio.o)
                0x00000000080021b6                __sclose
 *fill*         0x00000000080021be        0x2 
 .text._write_r
                0x00000000080021c0       0x24 d:/programs_setup_files/stm32cubeide_1.4.0/stm32cubeide/plugins/com.st.stm32cube.ide.mcu.externaltools.gnu-tools-for-stm32.7-2018-q2-update.win32_1.4.0.202007081208/tools/bin/../lib/gcc/arm-none-eabi/7.3.1/../../../../arm-none-eabi/lib/thumb/v7-m\libc_nano.a(lib_a-writer.o)
                0x00000000080021c0                _write_r
 .text._close_r
                0x00000000080021e4       0x20 d:/programs_setup_files/stm32cubeide_1.4.0/stm32cubeide/plugins/com.st.stm32cube.ide.mcu.externaltools.gnu-tools-for-stm32.7-2018-q2-update.win32_1.4.0.202007081208/tools/bin/../lib/gcc/arm-none-eabi/7.3.1/../../../../arm-none-eabi/lib/thumb/v7-m\libc_nano.a(lib_a-closer.o)
                0x00000000080021e4                _close_r
 .text._fstat_r
                0x0000000008002204       0x24 d:/programs_setup_files/stm32cubeide_1.4.0/stm32cubeide/plugins/com.st.stm32cube.ide.mcu.externaltools.gnu-tools-for-stm32.7-2018-q2-update.win32_1.4.0.202007081208/tools/bin/../lib/gcc/arm-none-eabi/7.3.1/../../../../arm-none-eabi/lib/thumb/v7-m\libc_nano.a(lib_a-fstatr.o)
                0x0000000008002204                _fstat_r
 .text._isatty_r
                0x0000000008002228       0x20 d:/programs_setup_files/stm32cubeide_1.4.0/stm32cubeide/plugins/com.st.stm32cube.ide.mcu.externaltools.gnu-tools-for-stm32.7-2018-q2-update.win32_1.4.0.202007081208/tools/bin/../lib/gcc/arm-none-eabi/7.3.1/../../../../arm-none-eabi/lib/thumb/v7-m\libc_nano.a(lib_a-isattyr.o)
                0x0000000008002228                _isatty_r
 .text._lseek_r
                0x0000000008002248       0x24 d:/programs_setup_files/stm32cubeide_1.4.0/stm32cubeide/plugins/com.st.stm32cube.ide.mcu.externaltools.gnu-tools-for-stm32.7-2018-q2-update.win32_1.4.0.202007081208/tools/bin/../lib/gcc/arm-none-eabi/7.3.1/../../../../arm-none-eabi/lib/thumb/v7-m\libc_nano.a(lib_a-lseekr.o)
                0x0000000008002248                _lseek_r
 .text.__malloc_lock
                0x000000000800226c        0x2 d:/programs_setup_files/stm32cubeide_1.4.0/stm32cubeide/plugins/com.st.stm32cube.ide.mcu.externaltools.gnu-tools-for-stm32.7-2018-q2-update.win32_1.4.0.202007081208/tools/bin/../lib/gcc/arm-none-eabi/7.3.1/../../../../arm-none-eabi/lib/thumb/v7-m\libc_nano.a(lib_a-mlock.o)
                0x000000000800226c                __malloc_lock
 .text.__malloc_unlock
                0x000000000800226e        0x2 d:/programs_setup_files/stm32cubeide_1.4.0/stm32cubeide/plugins/com.st.stm32cube.ide.mcu.externaltools.gnu-tools-for-stm32.7-2018-q2-update.win32_1.4.0.202007081208/tools/bin/../lib/gcc/arm-none-eabi/7.3.1/../../../../arm-none-eabi/lib/thumb/v7-m\libc_nano.a(lib_a-mlock.o)
                0x000000000800226e                __malloc_unlock
 .text._read_r  0x0000000008002270       0x24 d:/programs_setup_files/stm32cubeide_1.4.0/stm32cubeide/plugins/com.st.stm32cube.ide.mcu.externaltools.gnu-tools-for-stm32.7-2018-q2-update.win32_1.4.0.202007081208/tools/bin/../lib/gcc/arm-none-eabi/7.3.1/../../../../arm-none-eabi/lib/thumb/v7-m\libc_nano.a(lib_a-readr.o)
                0x0000000008002270                _read_r
 *(.glue_7)
 .glue_7        0x0000000008002294        0x0 linker stubs
 *(.glue_7t)
 .glue_7t       0x0000000008002294        0x0 linker stubs
 *(.eh_frame)
 .eh_frame      0x0000000008002294        0x0 d:/programs_setup_files/stm32cubeide_1.4.0/stm32cubeide/plugins/com.st.stm32cube.ide.mcu.externaltools.gnu-tools-for-stm32.7-2018-q2-update.win32_1.4.0.202007081208/tools/bin/../lib/gcc/arm-none-eabi/7.3.1/thumb/v7-m/crtbegin.o
 *(.init)
 .init          0x0000000008002294        0x4 d:/programs_setup_files/stm32cubeide_1.4.0/stm32cubeide/plugins/com.st.stm32cube.ide.mcu.externaltools.gnu-tools-for-stm32.7-2018-q2-update.win32_1.4.0.202007081208/tools/bin/../lib/gcc/arm-none-eabi/7.3.1/thumb/v7-m/crti.o
                0x0000000008002294                _init
 .init          0x0000000008002298        0x8 d:/programs_setup_files/stm32cubeide_1.4.0/stm32cubeide/plugins/com.st.stm32cube.ide.mcu.externaltools.gnu-tools-for-stm32.7-2018-q2-update.win32_1.4.0.202007081208/tools/bin/../lib/gcc/arm-none-eabi/7.3.1/thumb/v7-m/crtn.o
 *(.fini)
 .fini          0x00000000080022a0        0x4 d:/programs_setup_files/stm32cubeide_1.4.0/stm32cubeide/plugins/com.st.stm32cube.ide.mcu.externaltools.gnu-tools-for-stm32.7-2018-q2-update.win32_1.4.0.202007081208/tools/bin/../lib/gcc/arm-none-eabi/7.3.1/thumb/v7-m/crti.o
                0x00000000080022a0                _fini
 .fini          0x00000000080022a4        0x8 d:/programs_setup_files/stm32cubeide_1.4.0/stm32cubeide/plugins/com.st.stm32cube.ide.mcu.externaltools.gnu-tools-for-stm32.7-2018-q2-update.win32_1.4.0.202007081208/tools/bin/../lib/gcc/arm-none-eabi/7.3.1/thumb/v7-m/crtn.o
                0x00000000080022ac                . = ALIGN (0x4)
                0x00000000080022ac                _etext = .

.vfp11_veneer   0x00000000080022ac        0x0
 .vfp11_veneer  0x00000000080022ac        0x0 linker stubs

.v4_bx          0x00000000080022ac        0x0
 .v4_bx         0x00000000080022ac        0x0 linker stubs

.iplt           0x00000000080022ac        0x0
 .iplt          0x00000000080022ac        0x0 d:/programs_setup_files/stm32cubeide_1.4.0/stm32cubeide/plugins/com.st.stm32cube.ide.mcu.externaltools.gnu-tools-for-stm32.7-2018-q2-update.win32_1.4.0.202007081208/tools/bin/../lib/gcc/arm-none-eabi/7.3.1/thumb/v7-m/crtbegin.o

.rodata         0x00000000080022ac       0xb4
                0x00000000080022ac                . = ALIGN (0x4)
 *(.rodata)
 .rodata        0x00000000080022ac       0x23 Core/Src/main.o
 *fill*         0x00000000080022cf        0x1 
 .rodata        0x00000000080022d0       0x12 Drivers/STM32F1xx_HAL_Driver/Src/stm32f1xx_hal_rcc.o
 *(.rodata*)
 *fill*         0x00000000080022e2        0x2 
 .rodata.AHBPrescTable
                0x00000000080022e4       0x10 Core/Src/system_stm32f1xx.o
                0x00000000080022e4                AHBPrescTable
 .rodata.APBPrescTable
                0x00000000080022f4        0x8 Core/Src/system_stm32f1xx.o
                0x00000000080022f4                APBPrescTable
 .rodata._global_impure_ptr
                0x00000000080022fc        0x4 d:/programs_setup_files/stm32cubeide_1.4.0/stm32cubeide/plugins/com.st.stm32cube.ide.mcu.externaltools.gnu-tools-for-stm32.7-2018-q2-update.win32_1.4.0.202007081208/tools/bin/../lib/gcc/arm-none-eabi/7.3.1/../../../../arm-none-eabi/lib/thumb/v7-m\libc_nano.a(lib_a-impure.o)
                0x00000000080022fc                _global_impure_ptr
 .rodata.__sf_fake_stderr
                0x0000000008002300       0x20 d:/programs_setup_files/stm32cubeide_1.4.0/stm32cubeide/plugins/com.st.stm32cube.ide.mcu.externaltools.gnu-tools-for-stm32.7-2018-q2-update.win32_1.4.0.202007081208/tools/bin/../lib/gcc/arm-none-eabi/7.3.1/../../../../arm-none-eabi/lib/thumb/v7-m\libc_nano.a(lib_a-findfp.o)
                0x0000000008002300                __sf_fake_stderr
 .rodata.__sf_fake_stdin
                0x0000000008002320       0x20 d:/programs_setup_files/stm32cubeide_1.4.0/stm32cubeide/plugins/com.st.stm32cube.ide.mcu.externaltools.gnu-tools-for-stm32.7-2018-q2-update.win32_1.4.0.202007081208/tools/bin/../lib/gcc/arm-none-eabi/7.3.1/../../../../arm-none-eabi/lib/thumb/v7-m\libc_nano.a(lib_a-findfp.o)
                0x0000000008002320                __sf_fake_stdin
 .rodata.__sf_fake_stdout
                0x0000000008002340       0x20 d:/programs_setup_files/stm32cubeide_1.4.0/stm32cubeide/plugins/com.st.stm32cube.ide.mcu.externaltools.gnu-tools-for-stm32.7-2018-q2-update.win32_1.4.0.202007081208/tools/bin/../lib/gcc/arm-none-eabi/7.3.1/../../../../arm-none-eabi/lib/thumb/v7-m\libc_nano.a(lib_a-findfp.o)
                0x0000000008002340                __sf_fake_stdout
                0x0000000008002360                . = ALIGN (0x4)

.rel.dyn        0x0000000008002360        0x0
 .rel.iplt      0x0000000008002360        0x0 d:/programs_setup_files/stm32cubeide_1.4.0/stm32cubeide/plugins/com.st.stm32cube.ide.mcu.externaltools.gnu-tools-for-stm32.7-2018-q2-update.win32_1.4.0.202007081208/tools/bin/../lib/gcc/arm-none-eabi/7.3.1/thumb/v7-m/crtbegin.o

.ARM.extab      0x0000000008002360        0x0
                0x0000000008002360                . = ALIGN (0x4)
 *(.ARM.extab* .gnu.linkonce.armextab.*)
                0x0000000008002360                . = ALIGN (0x4)

.ARM            0x0000000008002360        0x0
                0x0000000008002360                . = ALIGN (0x4)
                0x0000000008002360                __exidx_start = .
 *(.ARM.exidx*)
                0x0000000008002360                __exidx_end = .
                0x0000000008002360                . = ALIGN (0x4)

.preinit_array  0x0000000008002360        0x0
                0x0000000008002360                . = ALIGN (0x4)
                0x0000000008002360                PROVIDE (__preinit_array_start = .)
 *(.preinit_array*)
                0x0000000008002360                PROVIDE (__preinit_array_end = .)
                0x0000000008002360                . = ALIGN (0x4)

.init_array     0x0000000008002360        0x4
                0x0000000008002360                . = ALIGN (0x4)
                0x0000000008002360                PROVIDE (__init_array_start = .)
 *(SORT_BY_NAME(.init_array.*))
 *(.init_array*)
 .init_array    0x0000000008002360        0x4 d:/programs_setup_files/stm32cubeide_1.4.0/stm32cubeide/plugins/com.st.stm32cube.ide.mcu.externaltools.gnu-tools-for-stm32.7-2018-q2-update.win32_1.4.0.202007081208/tools/bin/../lib/gcc/arm-none-eabi/7.3.1/thumb/v7-m/crtbegin.o
                0x0000000008002364                PROVIDE (__init_array_end = .)
                0x0000000008002364                . = ALIGN (0x4)

.fini_array     0x0000000008002364        0x4
                0x0000000008002364                . = ALIGN (0x4)
                [!provide]                        PROVIDE (__fini_array_start = .)
 *(SORT_BY_NAME(.fini_array.*))
 *(.fini_array*)
 .fini_array    0x0000000008002364        0x4 d:/programs_setup_files/stm32cubeide_1.4.0/stm32cubeide/plugins/com.st.stm32cube.ide.mcu.externaltools.gnu-tools-for-stm32.7-2018-q2-update.win32_1.4.0.202007081208/tools/bin/../lib/gcc/arm-none-eabi/7.3.1/thumb/v7-m/crtbegin.o
                [!provide]                        PROVIDE (__fini_array_end = .)
                0x0000000008002368                . = ALIGN (0x4)
                0x0000000008002368                _sidata = LOADADDR (.data)

.data           0x0000000020000000       0x84 load address 0x0000000008002368
                0x0000000020000000                . = ALIGN (0x4)
                0x0000000020000000                _sdata = .
 *(.data)
 *(.data*)
 .data.SystemCoreClock
                0x0000000020000000        0x4 Core/Src/system_stm32f1xx.o
                0x0000000020000000                SystemCoreClock
 .data.uwTickPrio
                0x0000000020000004        0x4 Drivers/STM32F1xx_HAL_Driver/Src/stm32f1xx_hal.o
                0x0000000020000004                uwTickPrio
 .data.uwTickFreq
                0x0000000020000008        0x1 Drivers/STM32F1xx_HAL_Driver/Src/stm32f1xx_hal.o
                0x0000000020000008                uwTickFreq
 .data.Stat     0x0000000020000009        0x1 FATFS/Target/user_diskio.o
 *fill*         0x000000002000000a        0x2 
 .data.USER_Driver
                0x000000002000000c       0x14 FATFS/Target/user_diskio.o
                0x000000002000000c                USER_Driver
 .data._impure_ptr
                0x0000000020000020        0x4 d:/programs_setup_files/stm32cubeide_1.4.0/stm32cubeide/plugins/com.st.stm32cube.ide.mcu.externaltools.gnu-tools-for-stm32.7-2018-q2-update.win32_1.4.0.202007081208/tools/bin/../lib/gcc/arm-none-eabi/7.3.1/../../../../arm-none-eabi/lib/thumb/v7-m\libc_nano.a(lib_a-impure.o)
                0x0000000020000020                _impure_ptr
 .data.impure_data
                0x0000000020000024       0x60 d:/programs_setup_files/stm32cubeide_1.4.0/stm32cubeide/plugins/com.st.stm32cube.ide.mcu.externaltools.gnu-tools-for-stm32.7-2018-q2-update.win32_1.4.0.202007081208/tools/bin/../lib/gcc/arm-none-eabi/7.3.1/../../../../arm-none-eabi/lib/thumb/v7-m\libc_nano.a(lib_a-impure.o)
                0x0000000020000084                . = ALIGN (0x4)
                0x0000000020000084                _edata = .

.igot.plt       0x0000000020000084        0x0 load address 0x00000000080023ec
 .igot.plt      0x0000000020000084        0x0 d:/programs_setup_files/stm32cubeide_1.4.0/stm32cubeide/plugins/com.st.stm32cube.ide.mcu.externaltools.gnu-tools-for-stm32.7-2018-q2-update.win32_1.4.0.202007081208/tools/bin/../lib/gcc/arm-none-eabi/7.3.1/thumb/v7-m/crtbegin.o
                0x0000000020000084                . = ALIGN (0x4)

.bss            0x0000000020000084      0x4e4 load address 0x00000000080023ec
                0x0000000020000084                _sbss = .
                0x0000000020000084                __bss_start__ = _sbss
 *(.bss)
 .bss           0x0000000020000084       0x1c d:/programs_setup_files/stm32cubeide_1.4.0/stm32cubeide/plugins/com.st.stm32cube.ide.mcu.externaltools.gnu-tools-for-stm32.7-2018-q2-update.win32_1.4.0.202007081208/tools/bin/../lib/gcc/arm-none-eabi/7.3.1/thumb/v7-m/crtbegin.o
 *(.bss*)
 .bss.__sbrk_heap_end
                0x00000000200000a0        0x4 Core/Src/sysmem.o
 .bss.disk      0x00000000200000a4        0xc Middlewares/Third_Party/FatFs/src/ff_gen_drv.o
                0x00000000200000a4                disk
 .bss.__malloc_free_list
                0x00000000200000b0        0x4 d:/programs_setup_files/stm32cubeide_1.4.0/stm32cubeide/plugins/com.st.stm32cube.ide.mcu.externaltools.gnu-tools-for-stm32.7-2018-q2-update.win32_1.4.0.202007081208/tools/bin/../lib/gcc/arm-none-eabi/7.3.1/../../../../arm-none-eabi/lib/thumb/v7-m\libc_nano.a(lib_a-nano-mallocr.o)
                0x00000000200000b0                __malloc_free_list
 .bss.__malloc_sbrk_start
                0x00000000200000b4        0x4 d:/programs_setup_files/stm32cubeide_1.4.0/stm32cubeide/plugins/com.st.stm32cube.ide.mcu.externaltools.gnu-tools-for-stm32.7-2018-q2-update.win32_1.4.0.202007081208/tools/bin/../lib/gcc/arm-none-eabi/7.3.1/../../../../arm-none-eabi/lib/thumb/v7-m\libc_nano.a(lib_a-nano-mallocr.o)
                0x00000000200000b4                __malloc_sbrk_start
 *(COMMON)
 COMMON         0x00000000200000b8       0x44 Core/Src/main.o
                0x00000000200000b8                huart2
 COMMON         0x00000000200000fc        0x4 Drivers/STM32F1xx_HAL_Driver/Src/stm32f1xx_hal.o
                0x00000000200000fc                uwTick
 COMMON         0x0000000020000100      0x464 FATFS/App/fatfs.o
                0x0000000020000100                USERPath
                0x0000000020000104                retUSER
                0x0000000020000108                USERFile
                0x0000000020000334                USERFatFS
 COMMON         0x0000000020000564        0x4 d:/programs_setup_files/stm32cubeide_1.4.0/stm32cubeide/plugins/com.st.stm32cube.ide.mcu.externaltools.gnu-tools-for-stm32.7-2018-q2-update.win32_1.4.0.202007081208/tools/bin/../lib/gcc/arm-none-eabi/7.3.1/../../../../arm-none-eabi/lib/thumb/v7-m\libc_nano.a(lib_a-reent.o)
                0x0000000020000564                errno
                0x0000000020000568                . = ALIGN (0x4)
                0x0000000020000568                _ebss = .
                0x0000000020000568                __bss_end__ = _ebss

._user_heap_stack
                0x0000000020000568      0x600 load address 0x00000000080023ec
                0x0000000020000568                . = ALIGN (0x8)
                [!provide]                        PROVIDE (end = .)
                0x0000000020000568                PROVIDE (_end = .)
                0x0000000020000768                . = (. + _Min_Heap_Size)
 *fill*         0x0000000020000568      0x200 
                0x0000000020000b68                . = (. + _Min_Stack_Size)
 *fill*         0x0000000020000768      0x400 
                0x0000000020000b68                . = ALIGN (0x8)

/DISCARD/
 libc.a(*)
 libm.a(*)
 libgcc.a(*)

.ARM.attributes
                0x0000000000000000       0x29
 *(.ARM.attributes)
 .ARM.attributes
                0x0000000000000000       0x1d d:/programs_setup_files/stm32cubeide_1.4.0/stm32cubeide/plugins/com.st.stm32cube.ide.mcu.externaltools.gnu-tools-for-stm32.7-2018-q2-update.win32_1.4.0.202007081208/tools/bin/../lib/gcc/arm-none-eabi/7.3.1/thumb/v7-m/crti.o
 .ARM.attributes
                0x000000000000001d       0x2d d:/programs_setup_files/stm32cubeide_1.4.0/stm32cubeide/plugins/com.st.stm32cube.ide.mcu.externaltools.gnu-tools-for-stm32.7-2018-q2-update.win32_1.4.0.202007081208/tools/bin/../lib/gcc/arm-none-eabi/7.3.1/thumb/v7-m/crtbegin.o
 .ARM.attributes
                0x000000000000004a       0x33 Core/Src/main.o
 .ARM.attributes
                0x000000000000007d       0x33 Core/Src/stm32f1xx_hal_msp.o
 .ARM.attributes
                0x00000000000000b0       0x33 Core/Src/stm32f1xx_it.o
 .ARM.attributes
                0x00000000000000e3       0x33 Core/Src/syscalls.o
 .ARM.attributes
                0x0000000000000116       0x33 Core/Src/sysmem.o
 .ARM.attributes
                0x0000000000000149       0x33 Core/Src/system_stm32f1xx.o
 .ARM.attributes
                0x000000000000017c       0x21 Core/Startup/startup_stm32f103c8tx.o
 .ARM.attributes
                0x000000000000019d       0x33 Drivers/STM32F1xx_HAL_Driver/Src/stm32f1xx_hal.o
 .ARM.attributes
                0x00000000000001d0       0x33 Drivers/STM32F1xx_HAL_Driver/Src/stm32f1xx_hal_cortex.o
 .ARM.attributes
                0x0000000000000203       0x33 Drivers/STM32F1xx_HAL_Driver/Src/stm32f1xx_hal_gpio.o
 .ARM.attributes
                0x0000000000000236       0x33 Drivers/STM32F1xx_HAL_Driver/Src/stm32f1xx_hal_rcc.o
 .ARM.attributes
                0x0000000000000269       0x33 Drivers/STM32F1xx_HAL_Driver/Src/stm32f1xx_hal_uart.o
 .ARM.attributes
                0x000000000000029c       0x33 FATFS/App/fatfs.o
 .ARM.attributes
                0x00000000000002cf       0x33 FATFS/Target/user_diskio.o
 .ARM.attributes
                0x0000000000000302       0x33 Middlewares/Third_Party/FatFs/src/ff_gen_drv.o
 .ARM.attributes
                0x0000000000000335       0x2d d:/programs_setup_files/stm32cubeide_1.4.0/stm32cubeide/plugins/com.st.stm32cube.ide.mcu.externaltools.gnu-tools-for-stm32.7-2018-q2-update.win32_1.4.0.202007081208/tools/bin/../lib/gcc/arm-none-eabi/7.3.1/../../../../arm-none-eabi/lib/thumb/v7-m\libc_nano.a(lib_a-errno.o)
 .ARM.attributes
                0x0000000000000362       0x2d d:/programs_setup_files/stm32cubeide_1.4.0/stm32cubeide/plugins/com.st.stm32cube.ide.mcu.externaltools.gnu-tools-for-stm32.7-2018-q2-update.win32_1.4.0.202007081208/tools/bin/../lib/gcc/arm-none-eabi/7.3.1/../../../../arm-none-eabi/lib/thumb/v7-m\libc_nano.a(lib_a-impure.o)
 .ARM.attributes
                0x000000000000038f       0x2d d:/programs_setup_files/stm32cubeide_1.4.0/stm32cubeide/plugins/com.st.stm32cube.ide.mcu.externaltools.gnu-tools-for-stm32.7-2018-q2-update.win32_1.4.0.202007081208/tools/bin/../lib/gcc/arm-none-eabi/7.3.1/../../../../arm-none-eabi/lib/thumb/v7-m\libc_nano.a(lib_a-init.o)
 .ARM.attributes
                0x00000000000003bc       0x2d d:/programs_setup_files/stm32cubeide_1.4.0/stm32cubeide/plugins/com.st.stm32cube.ide.mcu.externaltools.gnu-tools-for-stm32.7-2018-q2-update.win32_1.4.0.202007081208/tools/bin/../lib/gcc/arm-none-eabi/7.3.1/../../../../arm-none-eabi/lib/thumb/v7-m\libc_nano.a(lib_a-memset.o)
 .ARM.attributes
                0x00000000000003e9       0x2d d:/programs_setup_files/stm32cubeide_1.4.0/stm32cubeide/plugins/com.st.stm32cube.ide.mcu.externaltools.gnu-tools-for-stm32.7-2018-q2-update.win32_1.4.0.202007081208/tools/bin/../lib/gcc/arm-none-eabi/7.3.1/../../../../arm-none-eabi/lib/thumb/v7-m\libc_nano.a(lib_a-puts.o)
 .ARM.attributes
                0x0000000000000416       0x2d d:/programs_setup_files/stm32cubeide_1.4.0/stm32cubeide/plugins/com.st.stm32cube.ide.mcu.externaltools.gnu-tools-for-stm32.7-2018-q2-update.win32_1.4.0.202007081208/tools/bin/../lib/gcc/arm-none-eabi/7.3.1/../../../../arm-none-eabi/lib/thumb/v7-m\libc_nano.a(lib_a-wbuf.o)
 .ARM.attributes
                0x0000000000000443       0x2d d:/programs_setup_files/stm32cubeide_1.4.0/stm32cubeide/plugins/com.st.stm32cube.ide.mcu.externaltools.gnu-tools-for-stm32.7-2018-q2-update.win32_1.4.0.202007081208/tools/bin/../lib/gcc/arm-none-eabi/7.3.1/../../../../arm-none-eabi/lib/thumb/v7-m\libc_nano.a(lib_a-wsetup.o)
 .ARM.attributes
                0x0000000000000470       0x2d d:/programs_setup_files/stm32cubeide_1.4.0/stm32cubeide/plugins/com.st.stm32cube.ide.mcu.externaltools.gnu-tools-for-stm32.7-2018-q2-update.win32_1.4.0.202007081208/tools/bin/../lib/gcc/arm-none-eabi/7.3.1/../../../../arm-none-eabi/lib/thumb/v7-m\libc_nano.a(lib_a-fflush.o)
 .ARM.attributes
                0x000000000000049d       0x2d d:/programs_setup_files/stm32cubeide_1.4.0/stm32cubeide/plugins/com.st.stm32cube.ide.mcu.externaltools.gnu-tools-for-stm32.7-2018-q2-update.win32_1.4.0.202007081208/tools/bin/../lib/gcc/arm-none-eabi/7.3.1/../../../../arm-none-eabi/lib/thumb/v7-m\libc_nano.a(lib_a-findfp.o)
 .ARM.attributes
                0x00000000000004ca       0x2d d:/programs_setup_files/stm32cubeide_1.4.0/stm32cubeide/plugins/com.st.stm32cube.ide.mcu.externaltools.gnu-tools-for-stm32.7-2018-q2-update.win32_1.4.0.202007081208/tools/bin/../lib/gcc/arm-none-eabi/7.3.1/../../../../arm-none-eabi/lib/thumb/v7-m\libc_nano.a(lib_a-fwalk.o)
 .ARM.attributes
                0x00000000000004f7       0x2d d:/programs_setup_files/stm32cubeide_1.4.0/stm32cubeide/plugins/com.st.stm32cube.ide.mcu.externaltools.gnu-tools-for-stm32.7-2018-q2-update.win32_1.4.0.202007081208/tools/bin/../lib/gcc/arm-none-eabi/7.3.1/../../../../arm-none-eabi/lib/thumb/v7-m\libc_nano.a(lib_a-makebuf.o)
 .ARM.attributes
                0x0000000000000524       0x2d d:/programs_setup_files/stm32cubeide_1.4.0/stm32cubeide/plugins/com.st.stm32cube.ide.mcu.externaltools.gnu-tools-for-stm32.7-2018-q2-update.win32_1.4.0.202007081208/tools/bin/../lib/gcc/arm-none-eabi/7.3.1/../../../../arm-none-eabi/lib/thumb/v7-m\libc_nano.a(lib_a-nano-freer.o)
 .ARM.attributes
                0x0000000000000551       0x2d d:/programs_setup_files/stm32cubeide_1.4.0/stm32cubeide/plugins/com.st.stm32cube.ide.mcu.externaltools.gnu-tools-for-stm32.7-2018-q2-update.win32_1.4.0.202007081208/tools/bin/../lib/gcc/arm-none-eabi/7.3.1/../../../../arm-none-eabi/lib/thumb/v7-m\libc_nano.a(lib_a-nano-mallocr.o)
 .ARM.attributes
                0x000000000000057e       0x2d d:/programs_setup_files/stm32cubeide_1.4.0/stm32cubeide/plugins/com.st.stm32cube.ide.mcu.externaltools.gnu-tools-for-stm32.7-2018-q2-update.win32_1.4.0.202007081208/tools/bin/../lib/gcc/arm-none-eabi/7.3.1/../../../../arm-none-eabi/lib/thumb/v7-m\libc_nano.a(lib_a-sbrkr.o)
 .ARM.attributes
                0x00000000000005ab       0x2d d:/programs_setup_files/stm32cubeide_1.4.0/stm32cubeide/plugins/com.st.stm32cube.ide.mcu.externaltools.gnu-tools-for-stm32.7-2018-q2-update.win32_1.4.0.202007081208/tools/bin/../lib/gcc/arm-none-eabi/7.3.1/../../../../arm-none-eabi/lib/thumb/v7-m\libc_nano.a(lib_a-stdio.o)
 .ARM.attributes
                0x00000000000005d8       0x2d d:/programs_setup_files/stm32cubeide_1.4.0/stm32cubeide/plugins/com.st.stm32cube.ide.mcu.externaltools.gnu-tools-for-stm32.7-2018-q2-update.win32_1.4.0.202007081208/tools/bin/../lib/gcc/arm-none-eabi/7.3.1/../../../../arm-none-eabi/lib/thumb/v7-m\libc_nano.a(lib_a-writer.o)
 .ARM.attributes
                0x0000000000000605       0x2d d:/programs_setup_files/stm32cubeide_1.4.0/stm32cubeide/plugins/com.st.stm32cube.ide.mcu.externaltools.gnu-tools-for-stm32.7-2018-q2-update.win32_1.4.0.202007081208/tools/bin/../lib/gcc/arm-none-eabi/7.3.1/../../../../arm-none-eabi/lib/thumb/v7-m\libc_nano.a(lib_a-closer.o)
 .ARM.attributes
                0x0000000000000632       0x2d d:/programs_setup_files/stm32cubeide_1.4.0/stm32cubeide/plugins/com.st.stm32cube.ide.mcu.externaltools.gnu-tools-for-stm32.7-2018-q2-update.win32_1.4.0.202007081208/tools/bin/../lib/gcc/arm-none-eabi/7.3.1/../../../../arm-none-eabi/lib/thumb/v7-m\libc_nano.a(lib_a-fstatr.o)
 .ARM.attributes
                0x000000000000065f       0x2d d:/programs_setup_files/stm32cubeide_1.4.0/stm32cubeide/plugins/com.st.stm32cube.ide.mcu.externaltools.gnu-tools-for-stm32.7-2018-q2-update.win32_1.4.0.202007081208/tools/bin/../lib/gcc/arm-none-eabi/7.3.1/../../../../arm-none-eabi/lib/thumb/v7-m\libc_nano.a(lib_a-isattyr.o)
 .ARM.attributes
                0x000000000000068c       0x2d d:/programs_setup_files/stm32cubeide_1.4.0/stm32cubeide/plugins/com.st.stm32cube.ide.mcu.externaltools.gnu-tools-for-stm32.7-2018-q2-update.win32_1.4.0.202007081208/tools/bin/../lib/gcc/arm-none-eabi/7.3.1/../../../../arm-none-eabi/lib/thumb/v7-m\libc_nano.a(lib_a-lseekr.o)
 .ARM.attributes
                0x00000000000006b9       0x2d d:/programs_setup_files/stm32cubeide_1.4.0/stm32cubeide/plugins/com.st.stm32cube.ide.mcu.externaltools.gnu-tools-for-stm32.7-2018-q2-update.win32_1.4.0.202007081208/tools/bin/../lib/gcc/arm-none-eabi/7.3.1/../../../../arm-none-eabi/lib/thumb/v7-m\libc_nano.a(lib_a-mlock.o)
 .ARM.attributes
                0x00000000000006e6       0x2d d:/programs_setup_files/stm32cubeide_1.4.0/stm32cubeide/plugins/com.st.stm32cube.ide.mcu.externaltools.gnu-tools-for-stm32.7-2018-q2-update.win32_1.4.0.202007081208/tools/bin/../lib/gcc/arm-none-eabi/7.3.1/../../../../arm-none-eabi/lib/thumb/v7-m\libc_nano.a(lib_a-readr.o)
 .ARM.attributes
                0x0000000000000713       0x2d d:/programs_setup_files/stm32cubeide_1.4.0/stm32cubeide/plugins/com.st.stm32cube.ide.mcu.externaltools.gnu-tools-for-stm32.7-2018-q2-update.win32_1.4.0.202007081208/tools/bin/../lib/gcc/arm-none-eabi/7.3.1/../../../../arm-none-eabi/lib/thumb/v7-m\libc_nano.a(lib_a-reent.o)
 .ARM.attributes
                0x0000000000000740       0x1d d:/programs_setup_files/stm32cubeide_1.4.0/stm32cubeide/plugins/com.st.stm32cube.ide.mcu.externaltools.gnu-tools-for-stm32.7-2018-q2-update.win32_1.4.0.202007081208/tools/bin/../lib/gcc/arm-none-eabi/7.3.1/thumb/v7-m/crtn.o
OUTPUT(BOOTLOADER2.elf elf32-littlearm)

.debug_info     0x0000000000000000     0x8740
 .debug_info    0x0000000000000000     0x15cc Core/Src/main.o
 .debug_info    0x00000000000015cc      0x84e Core/Src/stm32f1xx_hal_msp.o
 .debug_info    0x0000000000001e1a      0x20a Core/Src/stm32f1xx_it.o
 .debug_info    0x0000000000002024      0xebd Core/Src/syscalls.o
 .debug_info    0x0000000000002ee1      0x985 Core/Src/sysmem.o
 .debug_info    0x0000000000003866      0x29a Core/Src/system_stm32f1xx.o
 .debug_info    0x0000000000003b00       0x22 Core/Startup/startup_stm32f103c8tx.o
 .debug_info    0x0000000000003b22      0x714 Drivers/STM32F1xx_HAL_Driver/Src/stm32f1xx_hal.o
 .debug_info    0x0000000000004236      0xb51 Drivers/STM32F1xx_HAL_Driver/Src/stm32f1xx_hal_cortex.o
 .debug_info    0x0000000000004d87      0x69b Drivers/STM32F1xx_HAL_Driver/Src/stm32f1xx_hal_gpio.o
 .debug_info    0x0000000000005422      0x80f Drivers/STM32F1xx_HAL_Driver/Src/stm32f1xx_hal_rcc.o
 .debug_info    0x0000000000005c31     0x14ec Drivers/STM32F1xx_HAL_Driver/Src/stm32f1xx_hal_uart.o
 .debug_info    0x000000000000711d      0x596 FATFS/App/fatfs.o
 .debug_info    0x00000000000076b3      0xc2c FATFS/Target/user_diskio.o
 .debug_info    0x00000000000082df      0x461 Middlewares/Third_Party/FatFs/src/ff_gen_drv.o

.debug_abbrev   0x0000000000000000     0x1a99
 .debug_abbrev  0x0000000000000000      0x2f0 Core/Src/main.o
 .debug_abbrev  0x00000000000002f0      0x18c Core/Src/stm32f1xx_hal_msp.o
 .debug_abbrev  0x000000000000047c       0xc6 Core/Src/stm32f1xx_it.o
 .debug_abbrev  0x0000000000000542      0x261 Core/Src/syscalls.o
 .debug_abbrev  0x00000000000007a3      0x19b Core/Src/sysmem.o
 .debug_abbrev  0x000000000000093e      0x134 Core/Src/system_stm32f1xx.o
 .debug_abbrev  0x0000000000000a72       0x12 Core/Startup/startup_stm32f103c8tx.o
 .debug_abbrev  0x0000000000000a84      0x1c7 Drivers/STM32F1xx_HAL_Driver/Src/stm32f1xx_hal.o
 .debug_abbrev  0x0000000000000c4b      0x2d5 Drivers/STM32F1xx_HAL_Driver/Src/stm32f1xx_hal_cortex.o
 .debug_abbrev  0x0000000000000f20      0x1c0 Drivers/STM32F1xx_HAL_Driver/Src/stm32f1xx_hal_gpio.o
 .debug_abbrev  0x00000000000010e0      0x243 Drivers/STM32F1xx_HAL_Driver/Src/stm32f1xx_hal_rcc.o
 .debug_abbrev  0x0000000000001323      0x25d Drivers/STM32F1xx_HAL_Driver/Src/stm32f1xx_hal_uart.o
 .debug_abbrev  0x0000000000001580      0x17d FATFS/App/fatfs.o
 .debug_abbrev  0x00000000000016fd      0x200 FATFS/Target/user_diskio.o
 .debug_abbrev  0x00000000000018fd      0x19c Middlewares/Third_Party/FatFs/src/ff_gen_drv.o

.debug_aranges  0x0000000000000000      0x770
 .debug_aranges
                0x0000000000000000       0x58 Core/Src/main.o
 .debug_aranges
                0x0000000000000058       0x30 Core/Src/stm32f1xx_hal_msp.o
 .debug_aranges
                0x0000000000000088       0x60 Core/Src/stm32f1xx_it.o
 .debug_aranges
                0x00000000000000e8       0xa8 Core/Src/syscalls.o
 .debug_aranges
                0x0000000000000190       0x20 Core/Src/sysmem.o
 .debug_aranges
                0x00000000000001b0       0x28 Core/Src/system_stm32f1xx.o
 .debug_aranges
                0x00000000000001d8       0x28 Core/Startup/startup_stm32f103c8tx.o
 .debug_aranges
                0x0000000000000200       0xe0 Drivers/STM32F1xx_HAL_Driver/Src/stm32f1xx_hal.o
 .debug_aranges
                0x00000000000002e0      0x100 Drivers/STM32F1xx_HAL_Driver/Src/stm32f1xx_hal_cortex.o
 .debug_aranges
                0x00000000000003e0       0x58 Drivers/STM32F1xx_HAL_Driver/Src/stm32f1xx_hal_gpio.o
 .debug_aranges
                0x0000000000000438       0x90 Drivers/STM32F1xx_HAL_Driver/Src/stm32f1xx_hal_rcc.o
 .debug_aranges
                0x00000000000004c8      0x200 Drivers/STM32F1xx_HAL_Driver/Src/stm32f1xx_hal_uart.o
 .debug_aranges
                0x00000000000006c8       0x28 FATFS/App/fatfs.o
 .debug_aranges
                0x00000000000006f0       0x40 FATFS/Target/user_diskio.o
 .debug_aranges
                0x0000000000000730       0x40 Middlewares/Third_Party/FatFs/src/ff_gen_drv.o

.debug_ranges   0x0000000000000000      0x6b8
 .debug_ranges  0x0000000000000000       0x48 Core/Src/main.o
 .debug_ranges  0x0000000000000048       0x20 Core/Src/stm32f1xx_hal_msp.o
 .debug_ranges  0x0000000000000068       0x50 Core/Src/stm32f1xx_it.o
 .debug_ranges  0x00000000000000b8       0x98 Core/Src/syscalls.o
 .debug_ranges  0x0000000000000150       0x10 Core/Src/sysmem.o
 .debug_ranges  0x0000000000000160       0x18 Core/Src/system_stm32f1xx.o
 .debug_ranges  0x0000000000000178       0x20 Core/Startup/startup_stm32f103c8tx.o
 .debug_ranges  0x0000000000000198       0xd0 Drivers/STM32F1xx_HAL_Driver/Src/stm32f1xx_hal.o
 .debug_ranges  0x0000000000000268       0xf0 Drivers/STM32F1xx_HAL_Driver/Src/stm32f1xx_hal_cortex.o
 .debug_ranges  0x0000000000000358       0x48 Drivers/STM32F1xx_HAL_Driver/Src/stm32f1xx_hal_gpio.o
 .debug_ranges  0x00000000000003a0       0x80 Drivers/STM32F1xx_HAL_Driver/Src/stm32f1xx_hal_rcc.o
 .debug_ranges  0x0000000000000420      0x220 Drivers/STM32F1xx_HAL_Driver/Src/stm32f1xx_hal_uart.o
 .debug_ranges  0x0000000000000640       0x18 FATFS/App/fatfs.o
 .debug_ranges  0x0000000000000658       0x30 FATFS/Target/user_diskio.o
 .debug_ranges  0x0000000000000688       0x30 Middlewares/Third_Party/FatFs/src/ff_gen_drv.o

.debug_macro    0x0000000000000000    0x18590
 .debug_macro   0x0000000000000000      0x347 Core/Src/main.o
 .debug_macro   0x0000000000000347      0xa5a Core/Src/main.o
 .debug_macro   0x0000000000000da1      0x215 Core/Src/main.o
 .debug_macro   0x0000000000000fb6       0x2e Core/Src/main.o
 .debug_macro   0x0000000000000fe4       0x22 Core/Src/main.o
 .debug_macro   0x0000000000001006       0x22 Core/Src/main.o
 .debug_macro   0x0000000000001028       0x8e Core/Src/main.o
 .debug_macro   0x00000000000010b6       0x51 Core/Src/main.o
 .debug_macro   0x0000000000001107       0xef Core/Src/main.o
 .debug_macro   0x00000000000011f6       0x6a Core/Src/main.o
 .debug_macro   0x0000000000001260      0x1df Core/Src/main.o
 .debug_macro   0x000000000000143f       0x1c Core/Src/main.o
 .debug_macro   0x000000000000145b       0x22 Core/Src/main.o
 .debug_macro   0x000000000000147d       0xc3 Core/Src/main.o
 .debug_macro   0x0000000000001540      0xd23 Core/Src/main.o
 .debug_macro   0x0000000000002263     0xe09e Core/Src/main.o
 .debug_macro   0x0000000000010301       0x6d Core/Src/main.o
 .debug_macro   0x000000000001036e     0x3468 Core/Src/main.o
 .debug_macro   0x00000000000137d6      0x174 Core/Src/main.o
 .debug_macro   0x000000000001394a       0x5c Core/Src/main.o
 .debug_macro   0x00000000000139a6      0x5be Core/Src/main.o
 .debug_macro   0x0000000000013f64      0x289 Core/Src/main.o
 .debug_macro   0x00000000000141ed      0x1cb Core/Src/main.o
 .debug_macro   0x00000000000143b8      0x114 Core/Src/main.o
 .debug_macro   0x00000000000144cc      0x1b2 Core/Src/main.o
 .debug_macro   0x000000000001467e       0x27 Core/Src/main.o
 .debug_macro   0x00000000000146a5      0x136 Core/Src/main.o
 .debug_macro   0x00000000000147db      0x1bc Core/Src/main.o
 .debug_macro   0x0000000000014997       0x34 Core/Src/main.o
 .debug_macro   0x00000000000149cb       0x3c Core/Src/main.o
 .debug_macro   0x0000000000014a07       0x57 Core/Src/main.o
 .debug_macro   0x0000000000014a5e       0x88 Core/Src/main.o
 .debug_macro   0x0000000000014ae6      0x241 Core/Src/main.o
 .debug_macro   0x0000000000014d27      0x141 Core/Src/main.o
 .debug_macro   0x0000000000014e68      0x279 Core/Src/main.o
 .debug_macro   0x00000000000150e1       0x83 Core/Src/main.o
 .debug_macro   0x0000000000015164       0x46 Core/Src/main.o
 .debug_macro   0x00000000000151aa       0x18 Core/Src/main.o
 .debug_macro   0x00000000000151c2       0x3c Core/Src/main.o
 .debug_macro   0x00000000000151fe       0x34 Core/Src/main.o
 .debug_macro   0x0000000000015232       0x16 Core/Src/main.o
 .debug_macro   0x0000000000015248       0x35 Core/Src/main.o
 .debug_macro   0x000000000001527d      0x32a Core/Src/main.o
 .debug_macro   0x00000000000155a7       0x10 Core/Src/main.o
 .debug_macro   0x00000000000155b7       0x52 Core/Src/main.o
 .debug_macro   0x0000000000015609       0x1f Core/Src/main.o
 .debug_macro   0x0000000000015628       0x43 Core/Src/main.o
 .debug_macro   0x000000000001566b       0x20 Core/Src/main.o
 .debug_macro   0x000000000001568b      0x1a3 Core/Src/main.o
 .debug_macro   0x000000000001582e       0x10 Core/Src/main.o
 .debug_macro   0x000000000001583e       0x1c Core/Src/main.o
 .debug_macro   0x000000000001585a       0x52 Core/Src/main.o
 .debug_macro   0x00000000000158ac       0x40 Core/Src/main.o
 .debug_macro   0x00000000000158ec       0x10 Core/Src/main.o
 .debug_macro   0x00000000000158fc       0x40 Core/Src/main.o
 .debug_macro   0x000000000001593c       0xd7 Core/Src/main.o
 .debug_macro   0x0000000000015a13       0x1c Core/Src/main.o
 .debug_macro   0x0000000000015a2f       0x3d Core/Src/main.o
 .debug_macro   0x0000000000015a6c       0x16 Core/Src/main.o
 .debug_macro   0x0000000000015a82      0x145 Core/Src/main.o
 .debug_macro   0x0000000000015bc7       0xde Core/Src/main.o
 .debug_macro   0x0000000000015ca5       0xee Core/Src/main.o
 .debug_macro   0x0000000000015d93       0x8e Core/Src/main.o
 .debug_macro   0x0000000000015e21      0x198 Core/Src/stm32f1xx_hal_msp.o
 .debug_macro   0x0000000000015fb9      0x1a2 Core/Src/stm32f1xx_it.o
 .debug_macro   0x000000000001615b      0x243 Core/Src/syscalls.o
 .debug_macro   0x000000000001639e       0x40 Core/Src/syscalls.o
 .debug_macro   0x00000000000163de       0x94 Core/Src/syscalls.o
 .debug_macro   0x0000000000016472       0x57 Core/Src/syscalls.o
 .debug_macro   0x00000000000164c9      0x330 Core/Src/syscalls.o
 .debug_macro   0x00000000000167f9       0x10 Core/Src/syscalls.o
 .debug_macro   0x0000000000016809       0x10 Core/Src/syscalls.o
 .debug_macro   0x0000000000016819       0x10 Core/Src/syscalls.o
 .debug_macro   0x0000000000016829       0x35 Core/Src/syscalls.o
 .debug_macro   0x000000000001685e      0x122 Core/Src/syscalls.o
 .debug_macro   0x0000000000016980       0x16 Core/Src/syscalls.o
 .debug_macro   0x0000000000016996       0x16 Core/Src/syscalls.o
 .debug_macro   0x00000000000169ac       0x29 Core/Src/syscalls.o
 .debug_macro   0x00000000000169d5       0x10 Core/Src/syscalls.o
 .debug_macro   0x00000000000169e5      0x241 Core/Src/syscalls.o
 .debug_macro   0x0000000000016c26       0x1c Core/Src/syscalls.o
 .debug_macro   0x0000000000016c42       0x10 Core/Src/syscalls.o
 .debug_macro   0x0000000000016c52      0x189 Core/Src/syscalls.o
 .debug_macro   0x0000000000016ddb       0x16 Core/Src/syscalls.o
 .debug_macro   0x0000000000016df1       0x88 Core/Src/syscalls.o
 .debug_macro   0x0000000000016e79       0xee Core/Src/sysmem.o
 .debug_macro   0x0000000000016f67      0x23b Core/Src/sysmem.o
 .debug_macro   0x00000000000171a2      0x18e Core/Src/system_stm32f1xx.o
 .debug_macro   0x0000000000017330      0x1b2 Drivers/STM32F1xx_HAL_Driver/Src/stm32f1xx_hal.o
 .debug_macro   0x00000000000174e2      0x18e Drivers/STM32F1xx_HAL_Driver/Src/stm32f1xx_hal_cortex.o
 .debug_macro   0x0000000000017670      0x1f9 Drivers/STM32F1xx_HAL_Driver/Src/stm32f1xx_hal_gpio.o
 .debug_macro   0x0000000000017869      0x1a0 Drivers/STM32F1xx_HAL_Driver/Src/stm32f1xx_hal_rcc.o
 .debug_macro   0x0000000000017a09      0x18f Drivers/STM32F1xx_HAL_Driver/Src/stm32f1xx_hal_uart.o
 .debug_macro   0x0000000000017b98      0x1eb FATFS/App/fatfs.o
 .debug_macro   0x0000000000017d83       0xd8 FATFS/App/fatfs.o
 .debug_macro   0x0000000000017e5b       0xf5 FATFS/App/fatfs.o
 .debug_macro   0x0000000000017f50      0x293 FATFS/Target/user_diskio.o
 .debug_macro   0x00000000000181e3       0x10 FATFS/Target/user_diskio.o
 .debug_macro   0x00000000000181f3       0x20 FATFS/Target/user_diskio.o
 .debug_macro   0x0000000000018213       0x16 FATFS/Target/user_diskio.o
 .debug_macro   0x0000000000018229       0x7c FATFS/Target/user_diskio.o
 .debug_macro   0x00000000000182a5       0xbd FATFS/Target/user_diskio.o
 .debug_macro   0x0000000000018362       0x56 FATFS/Target/user_diskio.o
 .debug_macro   0x00000000000183b8      0x1d8 Middlewares/Third_Party/FatFs/src/ff_gen_drv.o

.debug_line     0x0000000000000000     0x7c94
 .debug_line    0x0000000000000000      0xad7 Core/Src/main.o
 .debug_line    0x0000000000000ad7      0x6ef Core/Src/stm32f1xx_hal_msp.o
 .debug_line    0x00000000000011c6      0x761 Core/Src/stm32f1xx_it.o
 .debug_line    0x0000000000001927      0x890 Core/Src/syscalls.o
 .debug_line    0x00000000000021b7      0x619 Core/Src/sysmem.o
 .debug_line    0x00000000000027d0      0x6e5 Core/Src/system_stm32f1xx.o
 .debug_line    0x0000000000002eb5       0x87 Core/Startup/startup_stm32f103c8tx.o
 .debug_line    0x0000000000002f3c      0x898 Drivers/STM32F1xx_HAL_Driver/Src/stm32f1xx_hal.o
 .debug_line    0x00000000000037d4      0x96f Drivers/STM32F1xx_HAL_Driver/Src/stm32f1xx_hal_cortex.o
 .debug_line    0x0000000000004143      0x894 Drivers/STM32F1xx_HAL_Driver/Src/stm32f1xx_hal_gpio.o
 .debug_line    0x00000000000049d7      0x958 Drivers/STM32F1xx_HAL_Driver/Src/stm32f1xx_hal_rcc.o
 .debug_line    0x000000000000532f     0x1108 Drivers/STM32F1xx_HAL_Driver/Src/stm32f1xx_hal_uart.o
 .debug_line    0x0000000000006437      0x74f FATFS/App/fatfs.o
 .debug_line    0x0000000000006b86      0x996 FATFS/Target/user_diskio.o
 .debug_line    0x000000000000751c      0x778 Middlewares/Third_Party/FatFs/src/ff_gen_drv.o

.debug_str      0x0000000000000000    0x83cde
 .debug_str     0x0000000000000000    0x81318 Core/Src/main.o
                                      0x81758 (size before relaxing)
 .debug_str     0x0000000000081318       0x84 Core/Src/stm32f1xx_hal_msp.o
                                      0x7cbb3 (size before relaxing)
 .debug_str     0x000000000008139c       0xbd Core/Src/stm32f1xx_it.o
                                      0x7c7a3 (size before relaxing)
 .debug_str     0x0000000000081459     0x11f0 Core/Src/syscalls.o
                                       0x888e (size before relaxing)
 .debug_str     0x0000000000082649       0x6b Core/Src/sysmem.o
                                       0x5f5c (size before relaxing)
 .debug_str     0x00000000000826b4       0x52 Core/Src/system_stm32f1xx.o
                                      0x7c773 (size before relaxing)
 .debug_str     0x0000000000082706       0x36 Core/Startup/startup_stm32f103c8tx.o
                                         0x8c (size before relaxing)
 .debug_str     0x000000000008273c      0x563 Drivers/STM32F1xx_HAL_Driver/Src/stm32f1xx_hal.o
                                      0x7ce04 (size before relaxing)
 .debug_str     0x0000000000082c9f      0x300 Drivers/STM32F1xx_HAL_Driver/Src/stm32f1xx_hal_cortex.o
                                      0x7ce0c (size before relaxing)
 .debug_str     0x0000000000082f9f      0x324 Drivers/STM32F1xx_HAL_Driver/Src/stm32f1xx_hal_gpio.o
                                      0x7cb37 (size before relaxing)
 .debug_str     0x00000000000832c3      0x24f Drivers/STM32F1xx_HAL_Driver/Src/stm32f1xx_hal_rcc.o
                                      0x7cb70 (size before relaxing)
 .debug_str     0x0000000000083512      0x5fe Drivers/STM32F1xx_HAL_Driver/Src/stm32f1xx_hal_uart.o
                                      0x7d162 (size before relaxing)
 .debug_str     0x0000000000083b10       0x2f FATFS/App/fatfs.o
                                      0x7d02e (size before relaxing)
 .debug_str     0x0000000000083b3f       0xd9 FATFS/Target/user_diskio.o
                                      0x7feec (size before relaxing)
 .debug_str     0x0000000000083c18       0xc6 Middlewares/Third_Party/FatFs/src/ff_gen_drv.o
                                      0x7cfbc (size before relaxing)

.comment        0x0000000000000000       0x7b
 .comment       0x0000000000000000       0x7b Core/Src/main.o
                                         0x7c (size before relaxing)
 .comment       0x000000000000007b       0x7c Core/Src/stm32f1xx_hal_msp.o
 .comment       0x000000000000007b       0x7c Core/Src/stm32f1xx_it.o
 .comment       0x000000000000007b       0x7c Core/Src/syscalls.o
 .comment       0x000000000000007b       0x7c Core/Src/sysmem.o
 .comment       0x000000000000007b       0x7c Core/Src/system_stm32f1xx.o
 .comment       0x000000000000007b       0x7c Drivers/STM32F1xx_HAL_Driver/Src/stm32f1xx_hal.o
 .comment       0x000000000000007b       0x7c Drivers/STM32F1xx_HAL_Driver/Src/stm32f1xx_hal_cortex.o
 .comment       0x000000000000007b       0x7c Drivers/STM32F1xx_HAL_Driver/Src/stm32f1xx_hal_gpio.o
 .comment       0x000000000000007b       0x7c Drivers/STM32F1xx_HAL_Driver/Src/stm32f1xx_hal_rcc.o
 .comment       0x000000000000007b       0x7c Drivers/STM32F1xx_HAL_Driver/Src/stm32f1xx_hal_uart.o
 .comment       0x000000000000007b       0x7c FATFS/App/fatfs.o
 .comment       0x000000000000007b       0x7c FATFS/Target/user_diskio.o
 .comment       0x000000000000007b       0x7c Middlewares/Third_Party/FatFs/src/ff_gen_drv.o

.debug_frame    0x0000000000000000     0x219c
 .debug_frame   0x0000000000000000      0x124 Core/Src/main.o
 .debug_frame   0x0000000000000124       0x80 Core/Src/stm32f1xx_hal_msp.o
 .debug_frame   0x00000000000001a4      0x10c Core/Src/stm32f1xx_it.o
 .debug_frame   0x00000000000002b0      0x2ac Core/Src/syscalls.o
 .debug_frame   0x000000000000055c       0x34 Core/Src/sysmem.o
 .debug_frame   0x0000000000000590       0x58 Core/Src/system_stm32f1xx.o
 .debug_frame   0x00000000000005e8      0x334 Drivers/STM32F1xx_HAL_Driver/Src/stm32f1xx_hal.o
 .debug_frame   0x000000000000091c      0x428 Drivers/STM32F1xx_HAL_Driver/Src/stm32f1xx_hal_cortex.o
 .debug_frame   0x0000000000000d44      0x14c Drivers/STM32F1xx_HAL_Driver/Src/stm32f1xx_hal_gpio.o
 .debug_frame   0x0000000000000e90      0x21c Drivers/STM32F1xx_HAL_Driver/Src/stm32f1xx_hal_rcc.o
 .debug_frame   0x00000000000010ac      0x914 Drivers/STM32F1xx_HAL_Driver/Src/stm32f1xx_hal_uart.o
 .debug_frame   0x00000000000019c0       0x4c FATFS/App/fatfs.o
 .debug_frame   0x0000000000001a0c       0xd8 FATFS/Target/user_diskio.o
 .debug_frame   0x0000000000001ae4       0xc8 Middlewares/Third_Party/FatFs/src/ff_gen_drv.o
 .debug_frame   0x0000000000001bac       0x20 d:/programs_setup_files/stm32cubeide_1.4.0/stm32cubeide/plugins/com.st.stm32cube.ide.mcu.externaltools.gnu-tools-for-stm32.7-2018-q2-update.win32_1.4.0.202007081208/tools/bin/../lib/gcc/arm-none-eabi/7.3.1/../../../../arm-none-eabi/lib/thumb/v7-m\libc_nano.a(lib_a-errno.o)
 .debug_frame   0x0000000000001bcc       0x2c d:/programs_setup_files/stm32cubeide_1.4.0/stm32cubeide/plugins/com.st.stm32cube.ide.mcu.externaltools.gnu-tools-for-stm32.7-2018-q2-update.win32_1.4.0.202007081208/tools/bin/../lib/gcc/arm-none-eabi/7.3.1/../../../../arm-none-eabi/lib/thumb/v7-m\libc_nano.a(lib_a-init.o)
 .debug_frame   0x0000000000001bf8       0x20 d:/programs_setup_files/stm32cubeide_1.4.0/stm32cubeide/plugins/com.st.stm32cube.ide.mcu.externaltools.gnu-tools-for-stm32.7-2018-q2-update.win32_1.4.0.202007081208/tools/bin/../lib/gcc/arm-none-eabi/7.3.1/../../../../arm-none-eabi/lib/thumb/v7-m\libc_nano.a(lib_a-memset.o)
 .debug_frame   0x0000000000001c18       0x3c d:/programs_setup_files/stm32cubeide_1.4.0/stm32cubeide/plugins/com.st.stm32cube.ide.mcu.externaltools.gnu-tools-for-stm32.7-2018-q2-update.win32_1.4.0.202007081208/tools/bin/../lib/gcc/arm-none-eabi/7.3.1/../../../../arm-none-eabi/lib/thumb/v7-m\libc_nano.a(lib_a-puts.o)
 .debug_frame   0x0000000000001c54       0x40 d:/programs_setup_files/stm32cubeide_1.4.0/stm32cubeide/plugins/com.st.stm32cube.ide.mcu.externaltools.gnu-tools-for-stm32.7-2018-q2-update.win32_1.4.0.202007081208/tools/bin/../lib/gcc/arm-none-eabi/7.3.1/../../../../arm-none-eabi/lib/thumb/v7-m\libc_nano.a(lib_a-wbuf.o)
 .debug_frame   0x0000000000001c94       0x2c d:/programs_setup_files/stm32cubeide_1.4.0/stm32cubeide/plugins/com.st.stm32cube.ide.mcu.externaltools.gnu-tools-for-stm32.7-2018-q2-update.win32_1.4.0.202007081208/tools/bin/../lib/gcc/arm-none-eabi/7.3.1/../../../../arm-none-eabi/lib/thumb/v7-m\libc_nano.a(lib_a-wsetup.o)
 .debug_frame   0x0000000000001cc0       0x68 d:/programs_setup_files/stm32cubeide_1.4.0/stm32cubeide/plugins/com.st.stm32cube.ide.mcu.externaltools.gnu-tools-for-stm32.7-2018-q2-update.win32_1.4.0.202007081208/tools/bin/../lib/gcc/arm-none-eabi/7.3.1/../../../../arm-none-eabi/lib/thumb/v7-m\libc_nano.a(lib_a-fflush.o)
 .debug_frame   0x0000000000001d28      0x11c d:/programs_setup_files/stm32cubeide_1.4.0/stm32cubeide/plugins/com.st.stm32cube.ide.mcu.externaltools.gnu-tools-for-stm32.7-2018-q2-update.win32_1.4.0.202007081208/tools/bin/../lib/gcc/arm-none-eabi/7.3.1/../../../../arm-none-eabi/lib/thumb/v7-m\libc_nano.a(lib_a-findfp.o)
 .debug_frame   0x0000000000001e44       0x54 d:/programs_setup_files/stm32cubeide_1.4.0/stm32cubeide/plugins/com.st.stm32cube.ide.mcu.externaltools.gnu-tools-for-stm32.7-2018-q2-update.win32_1.4.0.202007081208/tools/bin/../lib/gcc/arm-none-eabi/7.3.1/../../../../arm-none-eabi/lib/thumb/v7-m\libc_nano.a(lib_a-fwalk.o)
 .debug_frame   0x0000000000001e98       0x58 d:/programs_setup_files/stm32cubeide_1.4.0/stm32cubeide/plugins/com.st.stm32cube.ide.mcu.externaltools.gnu-tools-for-stm32.7-2018-q2-update.win32_1.4.0.202007081208/tools/bin/../lib/gcc/arm-none-eabi/7.3.1/../../../../arm-none-eabi/lib/thumb/v7-m\libc_nano.a(lib_a-makebuf.o)
 .debug_frame   0x0000000000001ef0       0x38 d:/programs_setup_files/stm32cubeide_1.4.0/stm32cubeide/plugins/com.st.stm32cube.ide.mcu.externaltools.gnu-tools-for-stm32.7-2018-q2-update.win32_1.4.0.202007081208/tools/bin/../lib/gcc/arm-none-eabi/7.3.1/../../../../arm-none-eabi/lib/thumb/v7-m\libc_nano.a(lib_a-nano-freer.o)
 .debug_frame   0x0000000000001f28       0x2c d:/programs_setup_files/stm32cubeide_1.4.0/stm32cubeide/plugins/com.st.stm32cube.ide.mcu.externaltools.gnu-tools-for-stm32.7-2018-q2-update.win32_1.4.0.202007081208/tools/bin/../lib/gcc/arm-none-eabi/7.3.1/../../../../arm-none-eabi/lib/thumb/v7-m\libc_nano.a(lib_a-nano-mallocr.o)
 .debug_frame   0x0000000000001f54       0x2c d:/programs_setup_files/stm32cubeide_1.4.0/stm32cubeide/plugins/com.st.stm32cube.ide.mcu.externaltools.gnu-tools-for-stm32.7-2018-q2-update.win32_1.4.0.202007081208/tools/bin/../lib/gcc/arm-none-eabi/7.3.1/../../../../arm-none-eabi/lib/thumb/v7-m\libc_nano.a(lib_a-sbrkr.o)
 .debug_frame   0x0000000000001f80       0x88 d:/programs_setup_files/stm32cubeide_1.4.0/stm32cubeide/plugins/com.st.stm32cube.ide.mcu.externaltools.gnu-tools-for-stm32.7-2018-q2-update.win32_1.4.0.202007081208/tools/bin/../lib/gcc/arm-none-eabi/7.3.1/../../../../arm-none-eabi/lib/thumb/v7-m\libc_nano.a(lib_a-stdio.o)
 .debug_frame   0x0000000000002008       0x2c d:/programs_setup_files/stm32cubeide_1.4.0/stm32cubeide/plugins/com.st.stm32cube.ide.mcu.externaltools.gnu-tools-for-stm32.7-2018-q2-update.win32_1.4.0.202007081208/tools/bin/../lib/gcc/arm-none-eabi/7.3.1/../../../../arm-none-eabi/lib/thumb/v7-m\libc_nano.a(lib_a-writer.o)
 .debug_frame   0x0000000000002034       0x2c d:/programs_setup_files/stm32cubeide_1.4.0/stm32cubeide/plugins/com.st.stm32cube.ide.mcu.externaltools.gnu-tools-for-stm32.7-2018-q2-update.win32_1.4.0.202007081208/tools/bin/../lib/gcc/arm-none-eabi/7.3.1/../../../../arm-none-eabi/lib/thumb/v7-m\libc_nano.a(lib_a-closer.o)
 .debug_frame   0x0000000000002060       0x2c d:/programs_setup_files/stm32cubeide_1.4.0/stm32cubeide/plugins/com.st.stm32cube.ide.mcu.externaltools.gnu-tools-for-stm32.7-2018-q2-update.win32_1.4.0.202007081208/tools/bin/../lib/gcc/arm-none-eabi/7.3.1/../../../../arm-none-eabi/lib/thumb/v7-m\libc_nano.a(lib_a-fstatr.o)
 .debug_frame   0x000000000000208c       0x2c d:/programs_setup_files/stm32cubeide_1.4.0/stm32cubeide/plugins/com.st.stm32cube.ide.mcu.externaltools.gnu-tools-for-stm32.7-2018-q2-update.win32_1.4.0.202007081208/tools/bin/../lib/gcc/arm-none-eabi/7.3.1/../../../../arm-none-eabi/lib/thumb/v7-m\libc_nano.a(lib_a-isattyr.o)
 .debug_frame   0x00000000000020b8       0x2c d:/programs_setup_files/stm32cubeide_1.4.0/stm32cubeide/plugins/com.st.stm32cube.ide.mcu.externaltools.gnu-tools-for-stm32.7-2018-q2-update.win32_1.4.0.202007081208/tools/bin/../lib/gcc/arm-none-eabi/7.3.1/../../../../arm-none-eabi/lib/thumb/v7-m\libc_nano.a(lib_a-lseekr.o)
 .debug_frame   0x00000000000020e4       0x30 d:/programs_setup_files/stm32cubeide_1.4.0/stm32cubeide/plugins/com.st.stm32cube.ide.mcu.externaltools.gnu-tools-for-stm32.7-2018-q2-update.win32_1.4.0.202007081208/tools/bin/../lib/gcc/arm-none-eabi/7.3.1/../../../../arm-none-eabi/lib/thumb/v7-m\libc_nano.a(lib_a-mlock.o)
 .debug_frame   0x0000000000002114       0x2c d:/programs_setup_files/stm32cubeide_1.4.0/stm32cubeide/plugins/com.st.stm32cube.ide.mcu.externaltools.gnu-tools-for-stm32.7-2018-q2-update.win32_1.4.0.202007081208/tools/bin/../lib/gcc/arm-none-eabi/7.3.1/../../../../arm-none-eabi/lib/thumb/v7-m\libc_nano.a(lib_a-readr.o)
 .debug_frame   0x0000000000002140       0x5c d:/programs_setup_files/stm32cubeide_1.4.0/stm32cubeide/plugins/com.st.stm32cube.ide.mcu.externaltools.gnu-tools-for-stm32.7-2018-q2-update.win32_1.4.0.202007081208/tools/bin/../lib/gcc/arm-none-eabi/7.3.1/../../../../arm-none-eabi/lib/thumb/v7-m\libc_nano.a(lib_a-reent.o)
