16:22:45 **** Incremental Build of configuration Debug for project TestBlink ****
make -j16 all 
arm-none-eabi-gcc "../Core/Src/main.c" -mcpu=cortex-m3 -std=gnu11 -g3 -DUSE_HAL_DRIVER -DSTM32F103xB -DDEBUG -c -I../Core/Inc -I../Drivers/STM32F1xx_HAL_Driver/Inc -I../Drivers/STM32F1xx_HAL_Driver/Inc/Legacy -I../Drivers/CMSIS/Device/ST/STM32F1xx/Include -I../Drivers/CMSIS/Include -O0 -ffunction-sections -fdata-sections -Wall -fstack-usage -MMD -MP -MF"Core/Src/main.d" -MT"Core/Src/main.o" --specs=nano.specs -mfloat-abi=soft -mthumb -o "Core/Src/main.o"
arm-none-eabi-gcc -o "TestBlink.elf" @"objects.list"   -mcpu=cortex-m3 -T"D:\1.Mohamed\Embedded\ARM_microController\projects\testBlink\STM32F103C8TX_FLASH.ld" --specs=nosys.specs -Wl,-Map="TestBlink.map" -Wl,--gc-sections -static --specs=nano.specs -mfloat-abi=soft -mthumb -Wl,--start-group -lc -lm -Wl,--end-group
Finished building target: TestBlink.elf
 
arm-none-eabi-objdump -h -S  TestBlink.elf  > "TestBlink.list"
arm-none-eabi-objcopy  -O binary  TestBlink.elf  "TestBlink.bin"
arm-none-eabi-size   TestBlink.elf 
   text	   data	    bss	    dec	    hex	filename
   4588	     20	   1572	   6180	   1824	TestBlink.elf
Finished building: default.size.stdout
 
Finished building: TestBlink.bin
Finished building: TestBlink.list
 
 

16:22:46 Build Finished. 0 errors, 0 warnings. (took 771ms)

